Microchip MPLAB XC8 Compiler V2.45

Linker command line:

-W-3 \
  --edf=C:\Program Files\Microchip\xc8\v2.45\pic\dat\20230818022343_en.msgs \
  -cn \
  -h+dist/default/debug\mini-project-energy-saving-automatic-outside-light-andres-oscar.X.debug.sym \
  --cmf=dist/default/debug\mini-project-energy-saving-automatic-outside-light-andres-oscar.X.debug.cmf \
  -z -Q18F67K40 -oC:\Users\ablan\AppData\Local\Temp\xcAsd04.\driver_tmp_3.o \
  --defsym=__MPLAB_BUILD=1 --fixupoverflow=error \
  -Mdist/default/debug/mini-project-energy-saving-automatic-outside-light-andres-oscar.X.debug.map \
  --md=C:\Users\ablan\AppData\Local\Temp\xcAsd04.\driver_tmp_0.dat -E1 \
  -ver=XC8 Compiler --acfsm=1493 -ACODE=00h-01FFFFh -ACONST=00h-01FFFFh \
  -ASMALLCONST=0E00h-0EFFhx498 -AMEDIUMCONST=0E00h-0FFFFh,010E00h-01FFFFh \
  -ACOMRAM=01h-05Fh -AABS1=00h-0DE9h -ABIGRAM=01h-0DE9h \
  -ARAM=060h-0FFh,0100h-01FFhx12,0D00h-0DE9h -ABANK0=060h-0FFh \
  -ABANK1=0100h-01FFh -ABANK2=0200h-02FFh -ABANK3=0300h-03FFh \
  -ABANK4=0400h-04FFh -ABANK5=0500h-05FFh -ABANK6=0600h-06FFh \
  -ABANK7=0700h-07FFh -ABANK8=0800h-08FFh -ABANK9=0900h-09FFh \
  -ABANK10=0A00h-0AFFh -ABANK11=0B00h-0BFFh -ABANK12=0C00h-0CFFh \
  -ABANK13=0D00h-0DE9h \
  -ASFR=0DEFh-0DFFh,0E00h-0EFFh,0F00h-0F5Fh,0F60h-0FFFh \
  -ABIGSFR=0DEFh-0FFFh -ACONFIG=0300000h-030000Bh -AIDLOC=0200000h-020000Fh \
  -AEEDATA=0310000h-03103FFh -peeprom_data=EEDATA \
  -preset_vec=00h,intcode,intcodelo=018h,powerup,init -pramtop=0E00h \
  -psmallconst=SMALLCONST -pmediumconst=MEDIUMCONST -pconst=CONST \
  -AFARRAM=00h-00h \
  -prdata=COMRAM,nvrram=COMRAM,nvbit=COMRAM,rbss=COMRAM,rbit=COMRAM \
  -pfarbss=FARRAM,fardata=FARRAM,nvFARRAM=FARRAM \
  -pintsave_regs=BIGRAM,bigbss=BIGRAM,bigdata=BIGRAM -pbss=RAM \
  -pidata=CODE,irdata=CODE,ibigdata=CODE,ifardata=CODE -prparam=COMRAM \
  C:\Users\ablan\AppData\Local\Temp\xcAsd04.\driver_tmp_14.o \
  dist/default/debug\mini-project-energy-saving-automatic-outside-light-andres-oscar.X.debug.o 

Object code version is 3.11

Machine type is 18F67K40



                Name                               Link     Load   Length Selector   Space Scale
C:\Users\ablan\AppData\Local\Temp\xcAsd04.\driver_tmp_14.o
                config                           300000   300000        6        0       4
                init                                 8E       8E        4        C       0
                reset_vec                             0        0        4        0       0
dist/default/debug\mini-project-energy-saving-automatic-outside-light-andres-oscar.X.debug.o
                intcodelo                            18       18       76        C       0
                config                           300000   300000        6        0       4
                temp                                 5A       5A        1        1       1
                smallconst                          E00      E00       2C      700       0
                text35                             1F4E     1F4E        E      716       0
                text34                             1BCE     1BCE       68      716       0
                text33                             1D18     1D18       3C      716       0
                text32                             1D54     1D54       3A      716       0
                text31                             132E     132E       C8      716       0
                text30                             1C36     1C36       64      716       0
                text29                             1A76     1A76       7A      716       0
                text28                             14BA     14BA       C2      716       0
                text27                             1AF0     1AF0       74      716       0
                text26                             1E7E     1E7E       26      716       0
                text25                              E2C      E2C      218      716       0
                text24                             1B64     1B64       6A      716       0
                text23                             178A     178A       AE      716       0
                text22                             1F28     1F28       14      716       0
                text21                             1EC8     1EC8       24      716       0
                text20                             1EA4     1EA4       24      716       0
                text19                             1F3C     1F3C       12      716       0
                text18                             196C     196C       86      716       0
                text17                             1E52     1E52       2C      716       0
                text16                             1E24     1E24       2E      716       0
                text15                             1F0E     1F0E       1A      716       0
                text14                             1DF6     1DF6       2E      716       0
                text13                             13F6     13F6       C4      716       0
                text12                             162C     162C       B0      716       0
                text11                             1DC2     1DC2       34      716       0
                text10                             1F5C     1F5C        2      716       0
                text9                              1838     1838       AA      716       0
                text8                              1CDC     1CDC       3C      716       0
                text7                              18E2     18E2       8A      716       0
                text6                              11C6     11C6      168      716       0
                text5                              16DC     16DC       AE      716       0
                text4                              1044     1044      182      716       0
                text3                              1C9A     1C9A       42      716       0
                text2                              1D8E     1D8E       34      716       0
                text1                              19F2     19F2       84      716       0
                text0                              157C     157C       B0      716       0
                cstackCOMRAM                          1        1       50        1       1
                cstackBANK0                          60       60       2A       60       1
                bssBANK0                             8A       8A       22       60       1
                bssCOMRAM                            51       51        9        1       1
                cinit                              1EEC     1EEC       22      716       0

TOTAL           Name                               Link     Load   Length     Space
        CLASS   CODE           
                intcodelo                            18       18       76         0
                init                                 8E       8E        4         0
                reset_vec                             0        0        4         0
                text35                             1F4E     1F4E        E         0
                text34                             1BCE     1BCE       68         0
                text33                             1D18     1D18       3C         0
                text32                             1D54     1D54       3A         0
                text31                             132E     132E       C8         0
                text30                             1C36     1C36       64         0
                text29                             1A76     1A76       7A         0
                text28                             14BA     14BA       C2         0
                text27                             1AF0     1AF0       74         0
                text26                             1E7E     1E7E       26         0
                text25                              E2C      E2C      218         0
                text24                             1B64     1B64       6A         0
                text23                             178A     178A       AE         0
                text22                             1F28     1F28       14         0
                text21                             1EC8     1EC8       24         0
                text20                             1EA4     1EA4       24         0
                text19                             1F3C     1F3C       12         0
                text18                             196C     196C       86         0
                text17                             1E52     1E52       2C         0
                text16                             1E24     1E24       2E         0
                text15                             1F0E     1F0E       1A         0
                text14                             1DF6     1DF6       2E         0
                text13                             13F6     13F6       C4         0
                text12                             162C     162C       B0         0
                text11                             1DC2     1DC2       34         0
                text10                             1F5C     1F5C        2         0
                text9                              1838     1838       AA         0
                text8                              1CDC     1CDC       3C         0
                text7                              18E2     18E2       8A         0
                text6                              11C6     11C6      168         0
                text5                              16DC     16DC       AE         0
                text4                              1044     1044      182         0
                text3                              1C9A     1C9A       42         0
                text2                              1D8E     1D8E       34         0
                text1                              19F2     19F2       84         0
                text0                              157C     157C       B0         0
                cinit                              1EEC     1EEC       22         0

        CLASS   CONST          

        CLASS   SMALLCONST     
                smallconst                          E00      E00       2C         0

        CLASS   MEDIUMCONST    

        CLASS   COMRAM         
                temp                                 5A       5A        1         1
                cstackCOMRAM                          1        1       50         1
                bssCOMRAM                            51       51        9         1

        CLASS   ABS1           

        CLASS   BIGRAM         

        CLASS   RAM            

        CLASS   BANK0          
                cstackBANK0                          60       60       2A         1
                bssBANK0                             8A       8A       22         1

        CLASS   BANK1          

        CLASS   BANK2          

        CLASS   BANK3          

        CLASS   BANK4          

        CLASS   BANK5          

        CLASS   BANK6          

        CLASS   BANK7          

        CLASS   BANK8          

        CLASS   BANK9          

        CLASS   BANK10         

        CLASS   BANK11         

        CLASS   BANK12         

        CLASS   BANK13         

        CLASS   SFR            

        CLASS   BIGSFR         

        CLASS   CONFIG         
                config                           300000   300000        6         4

        CLASS   IDLOC          

        CLASS   EEDATA         

        CLASS   FARRAM         

        CLASS   HEAP           

        CLASS   STACK          



SEGMENTS        Name                           Load    Length   Top    Selector   Space  Class

                reset_vec                      000000  000004  000004         0       0  CODE    
                cstackCOMRAM                   000001  00005A  00005B         1       1  COMRAM  
                intcodelo                      000018  00007A  000092         C       0  CODE    
                cstackBANK0                    000060  00004C  0000AC        60       1  BANK0   
                smallconst                     000E00  00002C  000E2C       700       0  SMALLCON
                text25                         000E2C  001132  001F5E       716       0  CODE    


UNUSED ADDRESS RANGES

        Name                Unused          Largest block    Delta
        BANK0            0000AC-0000FF               54
        BANK1            000100-0001FF              100
        BANK10           000A00-000AFF              100
        BANK11           000B00-000BFF              100
        BANK12           000C00-000CFF              100
        BANK13           000D00-000DE9               EA
        BANK2            000200-0002FF              100
        BANK3            000300-0003FF              100
        BANK4            000400-0004FF              100
        BANK5            000500-0005FF              100
        BANK6            000600-0006FF              100
        BANK7            000700-0007FF              100
        BANK8            000800-0008FF              100
        BANK9            000900-0009FF              100
        BIGRAM           00005B-00005F                5
                         0000AC-000DE9              D3E
        BIGSFR           000DEF-000FFF              211
        CODE             000004-000017               14
                         000092-000DFF              D6E
                         001F5E-01FFFF            1E0A2
        COMRAM           00005B-00005F                5
        CONFIG           300006-30000B                6
        CONST            000004-000017               14
                         000092-000DFF              D6E
                         001F5E-01FFFF            1E0A2
        EEDATA           310000-3103FF              400
        IDLOC            200000-20000F               10
        MEDIUMCONST      001F5E-00FFFF             E0A2
                         010E00-01FFFF             F200
        RAM              0000AC-000DE9              100
        SFR              000DEF-000FFF              100
        SMALLCONST       001F5E-01FFFF              100

                                  Symbol Table

?___awdiv                              cstackCOMRAM 000005
?___awmod                              cstackCOMRAM 000005
?___lwdiv                              cstackCOMRAM 00000B
?___lwmod                              cstackCOMRAM 000012
?___wmul                               cstackCOMRAM 000005
?_abs                                  cstackCOMRAM 00000B
?_isLeapYear                           cstackCOMRAM 000017
?_lastSunday                           cstackCOMRAM 00001C
?_read_prec_or_width                   cstackCOMRAM 00000B
?_sprintf                              cstackCOMRAM 000033
?_vfprintf                             cstackCOMRAM 00002F
LCD_sendbyte@Byte                      cstackCOMRAM 000009
LCD_sendbyte@highNibble                cstackCOMRAM 000007
LCD_sendbyte@lowNibble                 cstackCOMRAM 000008
LCD_sendbyte@type                      cstackCOMRAM 000006
LCD_sendnibble@number                  cstackCOMRAM 000005
LCD_sendstring@string                  cstackCOMRAM 00000A
LCD_setline@line                       cstackCOMRAM 00000A
LEDarray_disp_bin@number               cstackCOMRAM 000005
_ANSELFbits                            (abs)        000EB4
_CM1CON0bits                           (abs)        000ED0
_CM1CON1bits                           (abs)        000ED1
_CM1NCHbits                            (abs)        000ED2
_CM1PCHbits                            (abs)        000ED3
_Comp1_init_fe                         text21       001EC8
_Comp1_init_re                         text20       001EA4
_DAC1CON0bits                          (abs)        000EC6
_DAC1CON1bits                          (abs)        000EC7
_DAC_init                              text22       001F28
_INTCONbits                            (abs)        000FF2
_IPR0bits                              (abs)        000E1F
_IPR2bits                              (abs)        000E21
_Interrupts_init                       text19       001F3C
_LATA                                  (abs)        000F79
_LATAbits                              (abs)        000F79
_LATB                                  (abs)        000F7A
_LATBbits                              (abs)        000F7A
_LATCbits                              (abs)        000F7B
_LATEbits                              (abs)        000F7D
_LATFbits                              (abs)        000F7E
_LATG                                  (abs)        000F7F
_LATGbits                              (abs)        000F7F
_LATHbits                              (abs)        000F80
_LCD_E_TOG                             text35       001F4E
_LCD_init                              text18       00196C
_LCD_sendbyte                          text33       001D18
_LCD_sendnibble                        text34       001BCE
_LCD_sendstring                        text14       001DF6
_LCD_setline                           text32       001D54
_LEDarray_disp_bin                     text31       00132E
_LEDarray_init                         text17       001E52
_LowISR                                intcodelo    000018
_PIE0bits                              (abs)        000E29
_PIE2bits                              (abs)        000E2B
_PIR0bits                              (abs)        000E33
_PIR2bits                              (abs)        000E35
_T0CON0bits                            (abs)        000FD5
_T0CON1bits                            (abs)        000FD6
_TMR0H                                 (abs)        000FD4
_TMR0L                                 (abs)        000FD3
_TRISA                                 (abs)        000F81
_TRISB                                 (abs)        000F82
_TRISBbits                             (abs)        000F82
_TRISCbits                             (abs)        000F83
_TRISEbits                             (abs)        000F85
_TRISFbits                             (abs)        000F86
_TRISG                                 (abs)        000F87
_TRISHbits                             (abs)        000F88
_Timer0_init                           text16       001E24
__HRAM                                 (abs)        000000
__H__absolute__                        __absolute__ 000000
__Habs1                                abs1         000000
__Hbank0                               bank0        000000
__Hbank1                               bank1        000000
__Hbank10                              bank10       000000
__Hbank11                              bank11       000000
__Hbank12                              bank12       000000
__Hbank13                              bank13       000000
__Hbank2                               bank2        000000
__Hbank3                               bank3        000000
__Hbank4                               bank4        000000
__Hbank5                               bank5        000000
__Hbank6                               bank6        000000
__Hbank7                               bank7        000000
__Hbank8                               bank8        000000
__Hbank9                               bank9        000000
__Hbigbss                              bigbss       000000
__Hbigdata                             bigdata      000000
__Hbigram                              bigram       000000
__Hbigsfr                              bigsfr       000000
__Hbss                                 bss          000000
__HbssBANK0                            bssBANK0     000000
__HbssCOMRAM                           bssCOMRAM    000000
__Hcinit                               cinit        000000
__Hclrtext                             clrtext      000000
__Hcomram                              comram       000000
__Hconfig                              config       300006
__Hconst                               const        000000
__HcstackBANK0                         cstackBANK0  000000
__HcstackCOMRAM                        cstackCOMRAM 000000
__Hdata                                data         000000
__Heeprom_data                         eeprom_data  000000
__Hfarbss                              farbss       000000
__Hfardata                             fardata      000000
__Hheap                                heap         000000
__Hibigdata                            ibigdata     000000
__Hidata                               idata        000000
__Hidloc                               idloc        000000
__Hifardata                            ifardata     000000
__Hinit                                init         000092
__Hintcode                             intcode      000004
__Hintcode_body                        intcode_body 000000
__Hintcodelo                           intcodelo    00008E
__Hintentry                            intentry     000000
__Hintret                              intret       000000
__Hintsave_regs                        intsave_regs 000000
__Hirdata                              irdata       000000
__Hmediumconst                         mediumconst  000000
__HnvFARRAM                            nvFARRAM     000000
__Hnvbit                               nvbit        000000
__Hnvrram                              nvrram       000000
__Hparam                               rparam       000000
__Hpowerup                             powerup      00008E
__Hram                                 ram          000000
__Hramtop                              ramtop       000E00
__Hrbit                                rbit         000000
__Hrbss                                rbss         000000
__Hrdata                               rdata        000000
__Hreset_vec                           reset_vec    000004
__Hrparam                              rparam       000000
__Hsfr                                 sfr          000000
__Hsmallconst                          smallconst   000E2C
__Hspace_0                             (abs)        001F5E
__Hspace_1                             (abs)        0000AC
__Hspace_2                             (abs)        000000
__Hspace_4                             (abs)        600006
__Hstack                               stack        000000
__Hstruct                              struct       000000
__Htemp                                temp         00005B
__Htext                                text         000000
__Htext0                               text0        000000
__Htext1                               text1        000000
__Htext10                              text10       000000
__Htext11                              text11       000000
__Htext12                              text12       000000
__Htext13                              text13       000000
__Htext14                              text14       000000
__Htext15                              text15       000000
__Htext16                              text16       000000
__Htext17                              text17       000000
__Htext18                              text18       000000
__Htext19                              text19       000000
__Htext2                               text2        000000
__Htext20                              text20       000000
__Htext21                              text21       000000
__Htext22                              text22       000000
__Htext23                              text23       000000
__Htext24                              text24       000000
__Htext25                              text25       000000
__Htext26                              text26       000000
__Htext27                              text27       000000
__Htext28                              text28       000000
__Htext29                              text29       000000
__Htext3                               text3        000000
__Htext30                              text30       000000
__Htext31                              text31       000000
__Htext32                              text32       000000
__Htext33                              text33       000000
__Htext34                              text34       000000
__Htext35                              text35       000000
__Htext4                               text4        000000
__Htext5                               text5        000000
__Htext6                               text6        000000
__Htext7                               text7        000000
__Htext8                               text8        000000
__Htext9                               text9        000000
__LRAM                                 (abs)        000001
__L__absolute__                        __absolute__ 000000
__Labs1                                abs1         000000
__Lbank0                               bank0        000000
__Lbank1                               bank1        000000
__Lbank10                              bank10       000000
__Lbank11                              bank11       000000
__Lbank12                              bank12       000000
__Lbank13                              bank13       000000
__Lbank2                               bank2        000000
__Lbank3                               bank3        000000
__Lbank4                               bank4        000000
__Lbank5                               bank5        000000
__Lbank6                               bank6        000000
__Lbank7                               bank7        000000
__Lbank8                               bank8        000000
__Lbank9                               bank9        000000
__Lbigbss                              bigbss       000000
__Lbigdata                             bigdata      000000
__Lbigram                              bigram       000000
__Lbigsfr                              bigsfr       000000
__Lbss                                 bss          000000
__LbssBANK0                            bssBANK0     000000
__LbssCOMRAM                           bssCOMRAM    000000
__Lcinit                               cinit        000000
__Lclrtext                             clrtext      000000
__Lcomram                              comram       000000
__Lconfig                              config       000000
__Lconst                               const        000000
__LcstackBANK0                         cstackBANK0  000000
__LcstackCOMRAM                        cstackCOMRAM 000000
__Ldata                                data         000000
__Leeprom_data                         eeprom_data  000000
__Lfarbss                              farbss       000000
__Lfardata                             fardata      000000
__Lheap                                heap         000000
__Libigdata                            ibigdata     000000
__Lidata                               idata        000000
__Lidloc                               idloc        000000
__Lifardata                            ifardata     000000
__Linit                                init         00008E
__Lintcode                             intcode      000004
__Lintcode_body                        intcode_body 000000
__Lintcodelo                           intcodelo    000018
__Lintentry                            intentry     000000
__Lintret                              intret       000000
__Lintsave_regs                        intsave_regs 000000
__Lirdata                              irdata       000000
__Lmediumconst                         mediumconst  000000
__LnvFARRAM                            nvFARRAM     000000
__Lnvbit                               nvbit        000000
__Lnvrram                              nvrram       000000
__Lparam                               rparam       000000
__Lpowerup                             powerup      00008E
__Lram                                 ram          000000
__Lramtop                              ramtop       000E00
__Lrbit                                rbit         000000
__Lrbss                                rbss         000000
__Lrdata                               rdata        000000
__Lreset_vec                           reset_vec    000000
__Lrparam                              rparam       000000
__Lsfr                                 sfr          000000
__Lsmallconst                          smallconst   000E00
__Lspace_0                             (abs)        000000
__Lspace_1                             (abs)        000000
__Lspace_2                             (abs)        000000
__Lspace_4                             (abs)        000000
__Lstack                               stack        000000
__Lstruct                              struct       000000
__Ltemp                                temp         00005A
__Ltext                                text         000000
__Ltext0                               text0        000000
__Ltext1                               text1        000000
__Ltext10                              text10       000000
__Ltext11                              text11       000000
__Ltext12                              text12       000000
__Ltext13                              text13       000000
__Ltext14                              text14       000000
__Ltext15                              text15       000000
__Ltext16                              text16       000000
__Ltext17                              text17       000000
__Ltext18                              text18       000000
__Ltext19                              text19       000000
__Ltext2                               text2        000000
__Ltext20                              text20       000000
__Ltext21                              text21       000000
__Ltext22                              text22       000000
__Ltext23                              text23       000000
__Ltext24                              text24       000000
__Ltext25                              text25       000000
__Ltext26                              text26       000000
__Ltext27                              text27       000000
__Ltext28                              text28       000000
__Ltext29                              text29       000000
__Ltext3                               text3        000000
__Ltext30                              text30       000000
__Ltext31                              text31       000000
__Ltext32                              text32       000000
__Ltext33                              text33       000000
__Ltext34                              text34       000000
__Ltext35                              text35       000000
__Ltext4                               text4        000000
__Ltext5                               text5        000000
__Ltext6                               text6        000000
__Ltext7                               text7        000000
__Ltext8                               text8        000000
__Ltext9                               text9        000000
__S0                                   (abs)        001F5E
__S1                                   (abs)        0000AC
__S4                                   (abs)        000000
__S5                                   (abs)        000000
___awdiv                               text13       0013F6
___awdiv@counter                       cstackCOMRAM 000009
___awdiv@dividend                      cstackCOMRAM 000005
___awdiv@divisor                       cstackCOMRAM 000007
___awdiv@quotient                      cstackCOMRAM 00000B
___awdiv@sign                          cstackCOMRAM 00000A
___awmod                               text12       00162C
___awmod@counter                       cstackCOMRAM 000009
___awmod@dividend                      cstackCOMRAM 000005
___awmod@divisor                       cstackCOMRAM 000007
___awmod@sign                          cstackCOMRAM 00000A
___heap_hi                             (abs)        000000
___heap_lo                             (abs)        000000
___inthi_sp                            stack        000000
___inthi_stack_hi                      stack        000000
___inthi_stack_lo                      stack        000000
___intlo_sp                            stack        000000
___intlo_stack_hi                      stack        000000
___intlo_stack_lo                      stack        000000
___lwdiv                               text27       001AF0
___lwdiv@counter                       cstackCOMRAM 000011
___lwdiv@dividend                      cstackCOMRAM 00000B
___lwdiv@divisor                       cstackCOMRAM 00000D
___lwdiv@quotient                      cstackCOMRAM 00000F
___lwmod                               text30       001C36
___lwmod@counter                       cstackCOMRAM 000016
___lwmod@dividend                      cstackCOMRAM 000012
___lwmod@divisor                       cstackCOMRAM 000014
___param_bank                          (abs)        000000
___rparam_used                         (abs)        000001
___sp                                  stack        000000
___stack_hi                            stack        000000
___stack_lo                            stack        000000
___wmul                                text26       001E7E
___wmul@multiplicand                   cstackCOMRAM 000007
___wmul@multiplier                     cstackCOMRAM 000005
___wmul@product                        cstackCOMRAM 000009
__accesstop                            (abs)        000060
__activetblptr                         (abs)        000003
__end_of_Comp1_init_fe                 text21       001EEC
__end_of_Comp1_init_re                 text20       001EC8
__end_of_DAC_init                      text22       001F3C
__end_of_Interrupts_init               text19       001F4E
__end_of_LCD_E_TOG                     text35       001F5C
__end_of_LCD_init                      text18       0019F2
__end_of_LCD_sendbyte                  text33       001D54
__end_of_LCD_sendnibble                text34       001C36
__end_of_LCD_sendstring                text14       001E24
__end_of_LCD_setline                   text32       001D8E
__end_of_LEDarray_disp_bin             text31       0013F6
__end_of_LEDarray_init                 text17       001E7E
__end_of_LowISR                        intcodelo    00008E
__end_of_Timer0_init                   text16       001E52
__end_of___awdiv                       text13       0014BA
__end_of___awmod                       text12       0016DC
__end_of___lwdiv                       text27       001B64
__end_of___lwmod                       text30       001C9A
__end_of___wmul                        text26       001EA4
__end_of__initialization               cinit        001F04
__end_of_abs                           text11       001DF6
__end_of_changeHourDayYear             text28       00157C
__end_of_dtoa                          text6        00132E
__end_of_findDSTdates                  text24       001BCE
__end_of_fputc                         text9        0018E2
__end_of_fputs                         text8        001D18
__end_of_increaseHour                  text23       001838
__end_of_initialise                    text15       001F28
__end_of_isLeapYear                    text29       001AF0
__end_of_lastSunday                    text25       001044
__end_of_main                          text0        00162C
__end_of_pad                           text7        00196C
__end_of_putch                         text10       001F5E
__end_of_read_prec_or_width            text5        00178A
__end_of_sprintf                       text2        001DC2
__end_of_time2String                   text1        001A76
__end_of_vfpfcnvrt                     text4        0011C6
__end_of_vfprintf                      text3        001CDC
__initialization                       cinit        001EEC
__mediumconst                          mediumconst  000000
__pbssBANK0                            bssBANK0     00008A
__pbssCOMRAM                           bssCOMRAM    000051
__pcinit                               cinit        001EEC
__pcstackBANK0                         cstackBANK0  000060
__pcstackCOMRAM                        cstackCOMRAM 000001
__pintcodelo                           intcodelo    000018
__psmallconst                          smallconst   000E00
__ptext0                               text0        00157C
__ptext1                               text1        0019F2
__ptext10                              text10       001F5C
__ptext11                              text11       001DC2
__ptext12                              text12       00162C
__ptext13                              text13       0013F6
__ptext14                              text14       001DF6
__ptext15                              text15       001F0E
__ptext16                              text16       001E24
__ptext17                              text17       001E52
__ptext18                              text18       00196C
__ptext19                              text19       001F3C
__ptext2                               text2        001D8E
__ptext20                              text20       001EA4
__ptext21                              text21       001EC8
__ptext22                              text22       001F28
__ptext23                              text23       00178A
__ptext24                              text24       001B64
__ptext25                              text25       000E2C
__ptext26                              text26       001E7E
__ptext27                              text27       001AF0
__ptext28                              text28       0014BA
__ptext29                              text29       001A76
__ptext3                               text3        001C9A
__ptext30                              text30       001C36
__ptext31                              text31       00132E
__ptext32                              text32       001D54
__ptext33                              text33       001D18
__ptext34                              text34       001BCE
__ptext35                              text35       001F4E
__ptext4                               text4        001044
__ptext5                               text5        0016DC
__ptext6                               text6        0011C6
__ptext7                               text7        0018E2
__ptext8                               text8        001CDC
__ptext9                               text9        001838
__ramtop                               ramtop       000E00
__smallconst                           smallconst   000E00
_abs                                   text11       001DC2
_changeHourDayYear                     text28       0014BA
_dbuf                                  bssBANK0     00008A
_dtoa                                  text6        0011C6
_dtoa$1849                             cstackCOMRAM 00001C
_findDSTdates                          text24       001B64
_flags                                 bssCOMRAM    000059
_fputc                                 text9        001838
_fputs                                 text8        001CDC
_hour                                  bssBANK0     0000AA
_increaseHour                          text23       00178A
_initialise                            text15       001F0E
_isLeapYear                            text29       001A76
_isLeapYear$1049                       cstackCOMRAM 00001B
_lastSunday                            text25       000E2C
_lastSunday$1060                       cstackCOMRAM 00003A
_lastSunday$1063                       cstackCOMRAM 00003C
_lastSunday$2143                       cstackCOMRAM 000038
_main                                  text0        00157C
_pad                                   text7        0018E2
_prec                                  bssCOMRAM    000057
_putch                                 text10       001F5C
_read_prec_or_width                    text5        0016DC
_sprintf                               text2        001D8E
_time2String                           text1        0019F2
_vfpfcnvrt                             text4        001044
_vfprintf                              text3        001C9A
_width                                 bssCOMRAM    000055
abs@a                                  cstackCOMRAM 00000B
btemp                                  temp         00005A
calc_max_PPM@loopCounter               bssCOMRAM    000051
changeHourDayYear@day                  cstackCOMRAM 00001D
changeHourDayYear@hour                 cstackCOMRAM 00001C
changeHourDayYear@leap                 cstackCOMRAM 000021
changeHourDayYear@year                 cstackCOMRAM 00001E
dtoa@d                                 cstackCOMRAM 00001A
dtoa@fp                                cstackCOMRAM 000019
dtoa@i                                 cstackCOMRAM 000022
dtoa@p                                 cstackCOMRAM 00001E
dtoa@s                                 cstackCOMRAM 000021
dtoa@w                                 cstackCOMRAM 00001F
end_of_initialization                  cinit        001F04
findDSTdates@bkwd_daylight_savings_day cstackCOMRAM 000049
findDSTdates@day                       cstackCOMRAM 000044
findDSTdates@fwd_daylight_savings_day  cstackCOMRAM 000048
findDSTdates@hour                      cstackCOMRAM 000042
findDSTdates@year                      cstackCOMRAM 000046
fputc@c                                cstackCOMRAM 000005
fputc@fp                               cstackCOMRAM 000007
fputs@c                                cstackCOMRAM 00000F
fputs@fp                               cstackCOMRAM 00000E
fputs@i                                cstackCOMRAM 000010
fputs@s                                cstackCOMRAM 00000D
increaseHour@backward_zone             cstackCOMRAM 00000C
increaseHour@bkwd_daylight_savings_day cstackCOMRAM 000009
increaseHour@day                       cstackCOMRAM 000005
increaseHour@fwd_daylight_savings_day  cstackCOMRAM 000007
increaseHour@hour                      cstackCOMRAM 00000B
int$flags                              temp         00005A
intlevel0                              text         000000
intlevel1                              text         000000
intlevel2                              text         000000
intlevel3                              text         000000
isLeapYear@year                        cstackCOMRAM 000017
isa$std                                (abs)        000001
isa$xinst                              (abs)        000000
lastSunday@dayOfWeekMonth1st           cstackCOMRAM 00002C
lastSunday@dayOfWeekMonth31st          cstackCOMRAM 00002E
lastSunday@dayOfYearForDSTEnd          cstackCOMRAM 000036
lastSunday@dayOfYearForDSTStart        cstackCOMRAM 000032
lastSunday@daysBeforeMarch             cstackCOMRAM 000030
lastSunday@daysBeforeOctober           cstackCOMRAM 000034
lastSunday@h                           cstackCOMRAM 00002A
lastSunday@lastSundayDateMonth         cstackCOMRAM 000040
lastSunday@leapYear                    cstackCOMRAM 00003E
lastSunday@month                       cstackCOMRAM 00001E
lastSunday@year                        cstackCOMRAM 00001C
main@backward_zone                     cstackBANK0  000084
main@bkwd_daylight_savings_day         cstackBANK0  000082
main@buf                               cstackBANK0  000060
main@day                               cstackBANK0  000088
main@fwd_daylight_savings_day          cstackBANK0  000080
main@year                              cstackBANK0  000086
pad@buf                                cstackCOMRAM 000013
pad@fp                                 cstackCOMRAM 000012
pad@i                                  cstackCOMRAM 000017
pad@p                                  cstackCOMRAM 000014
read_prec_or_width@ap                  cstackCOMRAM 00000C
read_prec_or_width@c                   cstackCOMRAM 00000D
read_prec_or_width@fmt                 cstackCOMRAM 00000B
read_prec_or_width@n                   cstackCOMRAM 00000E
sprintf@ap                             cstackCOMRAM 00003B
sprintf@f                              cstackCOMRAM 00003C
sprintf@fmt                            cstackCOMRAM 000034
sprintf@s                              cstackCOMRAM 000033
stackhi                                (abs)        000000
stacklo                                (abs)        000000
start                                  init         00008E
start_initialization                   cinit        001EEC
time2String@buf                        cstackCOMRAM 000048
time2String@day                        cstackCOMRAM 00004B
time2String@h                          cstackCOMRAM 000049
time2String@year                       cstackCOMRAM 00004D
ttemp5                                 temp         00005B
ttemp6                                 temp         00005E
ttemp7                                 temp         000062
vfpfcnvrt@ap                           cstackCOMRAM 000026
vfpfcnvrt@convarg                      cstackCOMRAM 000029
vfpfcnvrt@cp                           cstackCOMRAM 00002E
vfpfcnvrt@done                         cstackCOMRAM 00002D
vfpfcnvrt@fmt                          cstackCOMRAM 000025
vfpfcnvrt@fp                           cstackCOMRAM 000024
vfprintf@ap                            cstackCOMRAM 000031
vfprintf@cfmt                          cstackCOMRAM 000032
vfprintf@fmt                           cstackCOMRAM 000030
vfprintf@fp                            cstackCOMRAM 00002F
wtemp8                                 temp         00005B


MODULE INFORMATION

Module		Function		Class		Link	Load	Size
C:\Program Files\Microchip\xc8\v2.45\pic\sources\c99\common\Umul16.c
		___wmul        		CODE           	1E7E	0000	38

C:\Program Files\Microchip\xc8\v2.45\pic\sources\c99\common\Umul16.c estimated size: 38

timers.c
		_Timer0_init   		CODE           	1E24	0000	46

timers.c estimated size: 46

interrupts.c
		_LowISR        		CODE           	0018	0000	118
		_Interrupts_init		CODE           	1F3C	0000	18

interrupts.c estimated size: 136

LEDarray.c
		_LEDarray_init 		CODE           	1E52	0000	44
		_LEDarray_disp_bin		CODE           	132E	0000	200

LEDarray.c estimated size: 244

comparator.c
		_DAC_init      		CODE           	1F28	0000	20
		_Comp1_init_fe 		CODE           	1EC8	0000	36
		_Comp1_init_re 		CODE           	1EA4	0000	36

comparator.c estimated size: 92

functions.c
		_isLeapYear    		CODE           	1A76	0000	122
		_changeHourDayYear		CODE           	14BA	0000	194
		_lastSunday    		CODE           	0E2C	0000	536
		_increaseHour  		CODE           	178A	0000	174
		_initialise    		CODE           	1F0E	0000	26
		_findDSTdates  		CODE           	1B64	0000	106

functions.c estimated size: 1158

C:\Program Files\Microchip\xc8\v2.45\pic\sources\c99\common\nf_fputs.c
		_fputs         		CODE           	1CDC	0000	60

C:\Program Files\Microchip\xc8\v2.45\pic\sources\c99\common\nf_fputs.c estimated size: 60

C:\Program Files\Microchip\xc8\v2.45\pic\sources\c99\common\nf_sprintf.c
		_sprintf       		CODE           	1D8E	0000	52

C:\Program Files\Microchip\xc8\v2.45\pic\sources\c99\common\nf_sprintf.c estimated size: 52

C:\Program Files\Microchip\xc8\v2.45\pic\sources\c99\common\lwmod.c
		___lwmod       		CODE           	1C36	0000	100

C:\Program Files\Microchip\xc8\v2.45\pic\sources\c99\common\lwmod.c estimated size: 100

C:\Program Files\Microchip\xc8\v2.45\pic\sources\c99\common\awmod.c
		___awmod       		CODE           	162C	0000	176

C:\Program Files\Microchip\xc8\v2.45\pic\sources\c99\common\awmod.c estimated size: 176

C:\Program Files\Microchip\xc8\v2.45\pic\sources\c99\common\putch.c
		_putch         		CODE           	1F5C	0000	2

C:\Program Files\Microchip\xc8\v2.45\pic\sources\c99\common\putch.c estimated size: 2

shared
		__initialization		CODE           	1EEC	0000	24

shared estimated size: 24

C:\Program Files\Microchip\xc8\v2.45\pic\sources\c99\common\abs.c
		_abs           		CODE           	1DC2	0000	52

C:\Program Files\Microchip\xc8\v2.45\pic\sources\c99\common\abs.c estimated size: 52

main.c
		_main          		CODE           	157C	0000	176

main.c estimated size: 176

C:\Program Files\Microchip\xc8\v2.45\pic\sources\c99\common\nf_fputc.c
		_fputc         		CODE           	1838	0000	170

C:\Program Files\Microchip\xc8\v2.45\pic\sources\c99\common\nf_fputc.c estimated size: 170

C:\Program Files\Microchip\xc8\v2.45\pic\sources\c99\common\doprnt.c
		_read_prec_or_width		CODE           	16DC	0000	174
		_vfpfcnvrt     		CODE           	1044	0000	386
		_pad           		CODE           	18E2	0000	138
		_dtoa          		CODE           	11C6	0000	360
		_vfprintf      		CODE           	1C9A	0000	66

C:\Program Files\Microchip\xc8\v2.45\pic\sources\c99\common\doprnt.c estimated size: 1124

C:\Program Files\Microchip\xc8\v2.45\pic\sources\c99\common\lwdiv.c
		___lwdiv       		CODE           	1AF0	0000	116

C:\Program Files\Microchip\xc8\v2.45\pic\sources\c99\common\lwdiv.c estimated size: 116

C:\Program Files\Microchip\xc8\v2.45\pic\sources\c99\common\awdiv.c
		___awdiv       		CODE           	13F6	0000	196

C:\Program Files\Microchip\xc8\v2.45\pic\sources\c99\common\awdiv.c estimated size: 196

LCD.c
		_LCD_init      		CODE           	196C	0000	134
		_LCD_sendbyte  		CODE           	1D18	0000	60
		_LCD_E_TOG     		CODE           	1F4E	0000	14
		_LCD_setline   		CODE           	1D54	0000	58
		_LCD_sendnibble		CODE           	1BCE	0000	104
		_LCD_sendstring		CODE           	1DF6	0000	46
		_time2String   		CODE           	19F2	0000	132

LCD.c estimated size: 548

