Microchip MPLAB XC8 Compiler V2.45

Linker command line:

-W-3 \
  --edf=C:\Program Files\Microchip\xc8\v2.45\pic\dat\20230818022343_en.msgs \
  -cn \
  -h+dist/default/production\mini-project-energy-saving-automatic-outside-light-andres-oscar.X.production.sym \
  --cmf=dist/default/production\mini-project-energy-saving-automatic-outside-light-andres-oscar.X.production.cmf \
  -z -Q18F67K40 \
  -oC:\Users\ablan\AppData\Local\Temp\xcAs1hvg.\driver_tmp_3.o \
  --defsym=__MPLAB_BUILD=1 --fixupoverflow=error \
  -Mdist/default/production/mini-project-energy-saving-automatic-outside-light-andres-oscar.X.production.map \
  --md=C:\Users\ablan\AppData\Local\Temp\xcAs1hvg.\driver_tmp_0.dat -E1 \
  -ver=XC8 Compiler --acfsm=1493 -ACODE=00h-01FFFFh -ACONST=00h-01FFFFh \
  -ASMALLCONST=0E00h-0EFFhx498 -AMEDIUMCONST=0E00h-0FFFFh,010E00h-01FFFFh \
  -ACOMRAM=01h-05Fh -AABS1=00h-0DE9h -ABIGRAM=01h-0DE9h \
  -ARAM=060h-0FFh,0100h-01FFhx12,0D00h-0DE9h -ABANK0=060h-0FFh \
  -ABANK1=0100h-01FFh -ABANK2=0200h-02FFh -ABANK3=0300h-03FFh \
  -ABANK4=0400h-04FFh -ABANK5=0500h-05FFh -ABANK6=0600h-06FFh \
  -ABANK7=0700h-07FFh -ABANK8=0800h-08FFh -ABANK9=0900h-09FFh \
  -ABANK10=0A00h-0AFFh -ABANK11=0B00h-0BFFh -ABANK12=0C00h-0CFFh \
  -ABANK13=0D00h-0DE9h \
  -ASFR=0DEFh-0DFFh,0E00h-0EFFh,0F00h-0F5Fh,0F60h-0FFFh \
  -ABIGSFR=0DEFh-0FFFh -ACONFIG=0300000h-030000Bh -AIDLOC=0200000h-020000Fh \
  -AEEDATA=0310000h-03103FFh -peeprom_data=EEDATA \
  -preset_vec=00h,intcode=08h,intcodelo=018h,powerup,init -pramtop=0E00h \
  -psmallconst=SMALLCONST -pmediumconst=MEDIUMCONST -pconst=CONST \
  -AFARRAM=00h-00h \
  -prdata=COMRAM,nvrram=COMRAM,nvbit=COMRAM,rbss=COMRAM,rbit=COMRAM \
  -pfarbss=FARRAM,fardata=FARRAM,nvFARRAM=FARRAM \
  -pintsave_regs=BIGRAM,bigbss=BIGRAM,bigdata=BIGRAM -pbss=RAM \
  -pidata=CODE,irdata=CODE,ibigdata=CODE,ifardata=CODE -prparam=COMRAM \
  C:\Users\ablan\AppData\Local\Temp\xcAs1hvg.\driver_tmp_14.o \
  dist/default/production\mini-project-energy-saving-automatic-outside-light-andres-oscar.X.production.o 

Object code version is 3.11

Machine type is 18F67K40



                Name                               Link     Load   Length Selector   Space Scale
C:\Users\ablan\AppData\Local\Temp\xcAs1hvg.\driver_tmp_14.o
                config                           300000   300000        6        0       4
                init                                 58       58        4        C       0
                reset_vec                             0        0        4        0       0
dist/default/production\mini-project-energy-saving-automatic-outside-light-andres-oscar.X.production.o
                intcodelo                            18       18       40        C       0
                intcode                               8        8        6        4       0
                config                           300000   300000        6        0       4
                temp                                 5A       5A        1        1       1
                smallconst                          E00      E00       2C      700       0
                intcode_body                       1C04     1C04       3C      716       0
                text31                             1DFA     1DFA       14      716       0
                text30                             1DB4     1DB4       24      716       0
                text29                             1D90     1D90       24      716       0
                text28                             1E0E     1E0E       12      716       0
                text27                             1E20     1E20        E      716       0
                text26                             1A7E     1A7E       68      716       0
                text25                             1BC8     1BC8       3C      716       0
                text24                             1886     1886       86      716       0
                text23                             1C40     1C40       3A      716       0
                text22                             1468     1468       C8      716       0
                text21                             1D3E     1D3E       2C      716       0
                text20                             1D10     1D10       2E      716       0
                text19                             1A0A     1A0A       74      716       0
                text18                             1AE6     1AE6       64      716       0
                text17                             1990     1990       7A      716       0
                text16                              E2C      E2C      1E0      716       0
                text15                             1CE2     1CE2       2E      716       0
                text14                             1530     1530       C4      716       0
                text13                             15F4     15F4       B0      716       0
                text12                             1CAE     1CAE       34      716       0
                text11                             1E2E     1E2E        2      716       0
                text10                             1752     1752       AA      716       0
                text9                              1B8C     1B8C       3C      716       0
                text8                              17FC     17FC       8A      716       0
                text7                              1300     1300      168      716       0
                text6                              1D6A     1D6A       26      716       0
                text5                              16A4     16A4       AE      716       0
                text4                              100C     100C      182      716       0
                text3                              1B4A     1B4A       42      716       0
                text2                              1C7A     1C7A       34      716       0
                text1                              190C     190C       84      716       0
                text0                              118E     118E      172      716       0
                cstackCOMRAM                          1        1       50        1       1
                cstackBANK0                          60       60       28       60       1
                bssBANK0                             88       88       22       60       1
                bssCOMRAM                            51       51        9        1       1
                cinit                              1DD8     1DD8       22      716       0

TOTAL           Name                               Link     Load   Length     Space
        CLASS   CODE           
                intcodelo                            18       18       40         0
                intcode                               8        8        6         0
                init                                 58       58        4         0
                reset_vec                             0        0        4         0
                intcode_body                       1C04     1C04       3C         0
                text31                             1DFA     1DFA       14         0
                text30                             1DB4     1DB4       24         0
                text29                             1D90     1D90       24         0
                text28                             1E0E     1E0E       12         0
                text27                             1E20     1E20        E         0
                text26                             1A7E     1A7E       68         0
                text25                             1BC8     1BC8       3C         0
                text24                             1886     1886       86         0
                text23                             1C40     1C40       3A         0
                text22                             1468     1468       C8         0
                text21                             1D3E     1D3E       2C         0
                text20                             1D10     1D10       2E         0
                text19                             1A0A     1A0A       74         0
                text18                             1AE6     1AE6       64         0
                text17                             1990     1990       7A         0
                text16                              E2C      E2C      1E0         0
                text15                             1CE2     1CE2       2E         0
                text14                             1530     1530       C4         0
                text13                             15F4     15F4       B0         0
                text12                             1CAE     1CAE       34         0
                text11                             1E2E     1E2E        2         0
                text10                             1752     1752       AA         0
                text9                              1B8C     1B8C       3C         0
                text8                              17FC     17FC       8A         0
                text7                              1300     1300      168         0
                text6                              1D6A     1D6A       26         0
                text5                              16A4     16A4       AE         0
                text4                              100C     100C      182         0
                text3                              1B4A     1B4A       42         0
                text2                              1C7A     1C7A       34         0
                text1                              190C     190C       84         0
                text0                              118E     118E      172         0
                cinit                              1DD8     1DD8       22         0

        CLASS   CONST          

        CLASS   SMALLCONST     
                smallconst                          E00      E00       2C         0

        CLASS   MEDIUMCONST    

        CLASS   COMRAM         
                temp                                 5A       5A        1         1
                cstackCOMRAM                          1        1       50         1
                bssCOMRAM                            51       51        9         1

        CLASS   ABS1           

        CLASS   BIGRAM         

        CLASS   RAM            

        CLASS   BANK0          
                cstackBANK0                          60       60       28         1
                bssBANK0                             88       88       22         1

        CLASS   BANK1          

        CLASS   BANK2          

        CLASS   BANK3          

        CLASS   BANK4          

        CLASS   BANK5          

        CLASS   BANK6          

        CLASS   BANK7          

        CLASS   BANK8          

        CLASS   BANK9          

        CLASS   BANK10         

        CLASS   BANK11         

        CLASS   BANK12         

        CLASS   BANK13         

        CLASS   SFR            

        CLASS   BIGSFR         

        CLASS   CONFIG         
                config                           300000   300000        6         4

        CLASS   IDLOC          

        CLASS   EEDATA         

        CLASS   FARRAM         

        CLASS   HEAP           

        CLASS   STACK          



SEGMENTS        Name                           Load    Length   Top    Selector   Space  Class

                reset_vec                      000000  000004  000004         0       0  CODE    
                cstackCOMRAM                   000001  00005A  00005B         1       1  COMRAM  
                intcode                        000008  000006  00000E         4       0  CODE    
                intcodelo                      000018  000044  00005C         C       0  CODE    
                cstackBANK0                    000060  00004A  0000AA        60       1  BANK0   
                smallconst                     000E00  00002C  000E2C       700       0  SMALLCON
                text16                         000E2C  001004  001E30       716       0  CODE    


UNUSED ADDRESS RANGES

        Name                Unused          Largest block    Delta
        BANK0            0000AA-0000FF               56
        BANK1            000100-0001FF              100
        BANK10           000A00-000AFF              100
        BANK11           000B00-000BFF              100
        BANK12           000C00-000CFF              100
        BANK13           000D00-000DE9               EA
        BANK2            000200-0002FF              100
        BANK3            000300-0003FF              100
        BANK4            000400-0004FF              100
        BANK5            000500-0005FF              100
        BANK6            000600-0006FF              100
        BANK7            000700-0007FF              100
        BANK8            000800-0008FF              100
        BANK9            000900-0009FF              100
        BIGRAM           00005B-00005F                5
                         0000AA-000DE9              D40
        BIGSFR           000DEF-000FFF              211
        CODE             000004-000007                4
                         00000E-000017                A
                         00005C-000DFF              DA4
                         001E30-01FFFF            1E1D0
        COMRAM           00005B-00005F                5
        CONFIG           300006-30000B                6
        CONST            000004-000007                4
                         00000E-000017                A
                         00005C-000DFF              DA4
                         001E30-01FFFF            1E1D0
        EEDATA           310000-3103FF              400
        IDLOC            200000-20000F               10
        MEDIUMCONST      001E30-00FFFF             E1D0
                         010E00-01FFFF             F200
        RAM              0000AA-000DE9              100
        SFR              000DEF-000FFF              100
        SMALLCONST       001E30-01FFFF              100

                                  Symbol Table

?___awdiv                       cstackCOMRAM 000005
?___awmod                       cstackCOMRAM 000005
?___lwdiv                       cstackCOMRAM 000005
?___lwmod                       cstackCOMRAM 00000C
?___wmul                        cstackCOMRAM 000005
?_abs                           cstackCOMRAM 00000B
?_isLeapYear                    cstackCOMRAM 000011
?_lastSunday                    cstackCOMRAM 000016
?_read_prec_or_width            cstackCOMRAM 00000B
?_sprintf                       cstackCOMRAM 000033
?_vfprintf                      cstackCOMRAM 00002F
LCD_sendbyte@Byte               cstackCOMRAM 000009
LCD_sendbyte@highNibble         cstackCOMRAM 000007
LCD_sendbyte@lowNibble          cstackCOMRAM 000008
LCD_sendbyte@type               cstackCOMRAM 000006
LCD_sendnibble@number           cstackCOMRAM 000005
LCD_sendstring@string           cstackCOMRAM 00000A
LCD_setline@line                cstackCOMRAM 00000A
LEDarray_disp_bin@number        cstackCOMRAM 000005
_ANSELFbits                     (abs)        000EB4
_CM1CON0bits                    (abs)        000ED0
_CM1CON1bits                    (abs)        000ED1
_CM1NCHbits                     (abs)        000ED2
_CM1PCHbits                     (abs)        000ED3
_Comp1_init_fe                  text30       001DB4
_Comp1_init_re                  text29       001D90
_DAC1CON0bits                   (abs)        000EC6
_DAC1CON1bits                   (abs)        000EC7
_DAC_init                       text31       001DFA
_HighISR                        intcode      000008
_INTCONbits                     (abs)        000FF2
_IPR0bits                       (abs)        000E1F
_IPR2bits                       (abs)        000E21
_Interrupts_init                text28       001E0E
_LATA                           (abs)        000F79
_LATAbits                       (abs)        000F79
_LATB                           (abs)        000F7A
_LATBbits                       (abs)        000F7A
_LATCbits                       (abs)        000F7B
_LATEbits                       (abs)        000F7D
_LATFbits                       (abs)        000F7E
_LATG                           (abs)        000F7F
_LATGbits                       (abs)        000F7F
_LATHbits                       (abs)        000F80
_LCD_E_TOG                      text27       001E20
_LCD_init                       text24       001886
_LCD_sendbyte                   text25       001BC8
_LCD_sendnibble                 text26       001A7E
_LCD_sendstring                 text15       001CE2
_LCD_setline                    text23       001C40
_LEDarray_disp_bin              text22       001468
_LEDarray_init                  text21       001D3E
_LowISR                         intcodelo    000018
_PIE0bits                       (abs)        000E29
_PIE2bits                       (abs)        000E2B
_PIR0bits                       (abs)        000E33
_PIR2bits                       (abs)        000E35
_T0CON0bits                     (abs)        000FD5
_T0CON1bits                     (abs)        000FD6
_TMR0H                          (abs)        000FD4
_TMR0L                          (abs)        000FD3
_TRISA                          (abs)        000F81
_TRISB                          (abs)        000F82
_TRISBbits                      (abs)        000F82
_TRISCbits                      (abs)        000F83
_TRISEbits                      (abs)        000F85
_TRISFbits                      (abs)        000F86
_TRISG                          (abs)        000F87
_TRISHbits                      (abs)        000F88
_Timer0_init                    text20       001D10
__HRAM                          (abs)        000000
__H__absolute__                 __absolute__ 000000
__Habs1                         abs1         000000
__Hbank0                        bank0        000000
__Hbank1                        bank1        000000
__Hbank10                       bank10       000000
__Hbank11                       bank11       000000
__Hbank12                       bank12       000000
__Hbank13                       bank13       000000
__Hbank2                        bank2        000000
__Hbank3                        bank3        000000
__Hbank4                        bank4        000000
__Hbank5                        bank5        000000
__Hbank6                        bank6        000000
__Hbank7                        bank7        000000
__Hbank8                        bank8        000000
__Hbank9                        bank9        000000
__Hbigbss                       bigbss       000000
__Hbigdata                      bigdata      000000
__Hbigram                       bigram       000000
__Hbigsfr                       bigsfr       000000
__Hbss                          bss          000000
__HbssBANK0                     bssBANK0     000000
__HbssCOMRAM                    bssCOMRAM    000000
__Hcinit                        cinit        000000
__Hclrtext                      clrtext      000000
__Hcomram                       comram       000000
__Hconfig                       config       300006
__Hconst                        const        000000
__HcstackBANK0                  cstackBANK0  000000
__HcstackCOMRAM                 cstackCOMRAM 000000
__Hdata                         data         000000
__Heeprom_data                  eeprom_data  000000
__Hfarbss                       farbss       000000
__Hfardata                      fardata      000000
__Hheap                         heap         000000
__Hibigdata                     ibigdata     000000
__Hidata                        idata        000000
__Hidloc                        idloc        000000
__Hifardata                     ifardata     000000
__Hinit                         init         00005C
__Hintcode                      intcode      00000E
__Hintcode_body                 intcode_body 000000
__Hintcodelo                    intcodelo    000058
__Hintentry                     intentry     000000
__Hintret                       intret       000000
__Hintsave_regs                 intsave_regs 000000
__Hirdata                       irdata       000000
__Hmediumconst                  mediumconst  000000
__HnvFARRAM                     nvFARRAM     000000
__Hnvbit                        nvbit        000000
__Hnvrram                       nvrram       000000
__Hparam                        rparam       000000
__Hpowerup                      powerup      000058
__Hram                          ram          000000
__Hramtop                       ramtop       000E00
__Hrbit                         rbit         000000
__Hrbss                         rbss         000000
__Hrdata                        rdata        000000
__Hreset_vec                    reset_vec    000004
__Hrparam                       rparam       000000
__Hsfr                          sfr          000000
__Hsmallconst                   smallconst   000E2C
__Hspace_0                      (abs)        001E30
__Hspace_1                      (abs)        0000AA
__Hspace_2                      (abs)        000000
__Hspace_4                      (abs)        600006
__Hstack                        stack        000000
__Hstruct                       struct       000000
__Htemp                         temp         00005B
__Htext                         text         000000
__Htext0                        text0        000000
__Htext1                        text1        000000
__Htext10                       text10       000000
__Htext11                       text11       000000
__Htext12                       text12       000000
__Htext13                       text13       000000
__Htext14                       text14       000000
__Htext15                       text15       000000
__Htext16                       text16       000000
__Htext17                       text17       000000
__Htext18                       text18       000000
__Htext19                       text19       000000
__Htext2                        text2        000000
__Htext20                       text20       000000
__Htext21                       text21       000000
__Htext22                       text22       000000
__Htext23                       text23       000000
__Htext24                       text24       000000
__Htext25                       text25       000000
__Htext26                       text26       000000
__Htext27                       text27       000000
__Htext28                       text28       000000
__Htext29                       text29       000000
__Htext3                        text3        000000
__Htext30                       text30       000000
__Htext31                       text31       000000
__Htext4                        text4        000000
__Htext5                        text5        000000
__Htext6                        text6        000000
__Htext7                        text7        000000
__Htext8                        text8        000000
__Htext9                        text9        000000
__LRAM                          (abs)        000001
__L__absolute__                 __absolute__ 000000
__Labs1                         abs1         000000
__Lbank0                        bank0        000000
__Lbank1                        bank1        000000
__Lbank10                       bank10       000000
__Lbank11                       bank11       000000
__Lbank12                       bank12       000000
__Lbank13                       bank13       000000
__Lbank2                        bank2        000000
__Lbank3                        bank3        000000
__Lbank4                        bank4        000000
__Lbank5                        bank5        000000
__Lbank6                        bank6        000000
__Lbank7                        bank7        000000
__Lbank8                        bank8        000000
__Lbank9                        bank9        000000
__Lbigbss                       bigbss       000000
__Lbigdata                      bigdata      000000
__Lbigram                       bigram       000000
__Lbigsfr                       bigsfr       000000
__Lbss                          bss          000000
__LbssBANK0                     bssBANK0     000000
__LbssCOMRAM                    bssCOMRAM    000000
__Lcinit                        cinit        000000
__Lclrtext                      clrtext      000000
__Lcomram                       comram       000000
__Lconfig                       config       000000
__Lconst                        const        000000
__LcstackBANK0                  cstackBANK0  000000
__LcstackCOMRAM                 cstackCOMRAM 000000
__Ldata                         data         000000
__Leeprom_data                  eeprom_data  000000
__Lfarbss                       farbss       000000
__Lfardata                      fardata      000000
__Lheap                         heap         000000
__Libigdata                     ibigdata     000000
__Lidata                        idata        000000
__Lidloc                        idloc        000000
__Lifardata                     ifardata     000000
__Linit                         init         000058
__Lintcode                      intcode      000008
__Lintcode_body                 intcode_body 000000
__Lintcodelo                    intcodelo    000018
__Lintentry                     intentry     000000
__Lintret                       intret       000000
__Lintsave_regs                 intsave_regs 000000
__Lirdata                       irdata       000000
__Lmediumconst                  mediumconst  000000
__LnvFARRAM                     nvFARRAM     000000
__Lnvbit                        nvbit        000000
__Lnvrram                       nvrram       000000
__Lparam                        rparam       000000
__Lpowerup                      powerup      000058
__Lram                          ram          000000
__Lramtop                       ramtop       000E00
__Lrbit                         rbit         000000
__Lrbss                         rbss         000000
__Lrdata                        rdata        000000
__Lreset_vec                    reset_vec    000000
__Lrparam                       rparam       000000
__Lsfr                          sfr          000000
__Lsmallconst                   smallconst   000E00
__Lspace_0                      (abs)        000000
__Lspace_1                      (abs)        000000
__Lspace_2                      (abs)        000000
__Lspace_4                      (abs)        000000
__Lstack                        stack        000000
__Lstruct                       struct       000000
__Ltemp                         temp         00005A
__Ltext                         text         000000
__Ltext0                        text0        000000
__Ltext1                        text1        000000
__Ltext10                       text10       000000
__Ltext11                       text11       000000
__Ltext12                       text12       000000
__Ltext13                       text13       000000
__Ltext14                       text14       000000
__Ltext15                       text15       000000
__Ltext16                       text16       000000
__Ltext17                       text17       000000
__Ltext18                       text18       000000
__Ltext19                       text19       000000
__Ltext2                        text2        000000
__Ltext20                       text20       000000
__Ltext21                       text21       000000
__Ltext22                       text22       000000
__Ltext23                       text23       000000
__Ltext24                       text24       000000
__Ltext25                       text25       000000
__Ltext26                       text26       000000
__Ltext27                       text27       000000
__Ltext28                       text28       000000
__Ltext29                       text29       000000
__Ltext3                        text3        000000
__Ltext30                       text30       000000
__Ltext31                       text31       000000
__Ltext4                        text4        000000
__Ltext5                        text5        000000
__Ltext6                        text6        000000
__Ltext7                        text7        000000
__Ltext8                        text8        000000
__Ltext9                        text9        000000
__S0                            (abs)        001E30
__S1                            (abs)        0000AA
__S4                            (abs)        000000
__S5                            (abs)        000000
___awdiv                        text14       001530
___awdiv@counter                cstackCOMRAM 000009
___awdiv@dividend               cstackCOMRAM 000005
___awdiv@divisor                cstackCOMRAM 000007
___awdiv@quotient               cstackCOMRAM 00000B
___awdiv@sign                   cstackCOMRAM 00000A
___awmod                        text13       0015F4
___awmod@counter                cstackCOMRAM 000009
___awmod@dividend               cstackCOMRAM 000005
___awmod@divisor                cstackCOMRAM 000007
___awmod@sign                   cstackCOMRAM 00000A
___heap_hi                      (abs)        000000
___heap_lo                      (abs)        000000
___inthi_sp                     stack        000000
___inthi_stack_hi               stack        000000
___inthi_stack_lo               stack        000000
___intlo_sp                     stack        000000
___intlo_stack_hi               stack        000000
___intlo_stack_lo               stack        000000
___lwdiv                        text19       001A0A
___lwdiv@counter                cstackCOMRAM 00000B
___lwdiv@dividend               cstackCOMRAM 000005
___lwdiv@divisor                cstackCOMRAM 000007
___lwdiv@quotient               cstackCOMRAM 000009
___lwmod                        text18       001AE6
___lwmod@counter                cstackCOMRAM 000010
___lwmod@dividend               cstackCOMRAM 00000C
___lwmod@divisor                cstackCOMRAM 00000E
___param_bank                   (abs)        000000
___rparam_used                  (abs)        000001
___sp                           stack        000000
___stack_hi                     stack        000000
___stack_lo                     stack        000000
___wmul                         text6        001D6A
___wmul@multiplicand            cstackCOMRAM 000007
___wmul@multiplier              cstackCOMRAM 000005
___wmul@product                 cstackCOMRAM 000009
__accesstop                     (abs)        000060
__activetblptr                  (abs)        000003
__end_of_Comp1_init_fe          text30       001DD8
__end_of_Comp1_init_re          text29       001DB4
__end_of_DAC_init               text31       001E0E
__end_of_HighISR                intcode_body 001C40
__end_of_Interrupts_init        text28       001E20
__end_of_LCD_E_TOG              text27       001E2E
__end_of_LCD_init               text24       00190C
__end_of_LCD_sendbyte           text25       001C04
__end_of_LCD_sendnibble         text26       001AE6
__end_of_LCD_sendstring         text15       001D10
__end_of_LCD_setline            text23       001C7A
__end_of_LEDarray_disp_bin      text22       001530
__end_of_LEDarray_init          text21       001D6A
__end_of_LowISR                 intcodelo    000058
__end_of_Timer0_init            text20       001D3E
__end_of___awdiv                text14       0015F4
__end_of___awmod                text13       0016A4
__end_of___lwdiv                text19       001A7E
__end_of___lwmod                text18       001B4A
__end_of___wmul                 text6        001D90
__end_of__initialization        cinit        001DF0
__end_of_abs                    text12       001CE2
__end_of_dtoa                   text7        001468
__end_of_fputc                  text10       0017FC
__end_of_fputs                  text9        001BC8
__end_of_isLeapYear             text17       001A0A
__end_of_lastSunday             text16       00100C
__end_of_main                   text0        001300
__end_of_pad                    text8        001886
__end_of_putch                  text11       001E30
__end_of_read_prec_or_width     text5        001752
__end_of_sprintf                text2        001CAE
__end_of_time2String            text1        001990
__end_of_vfpfcnvrt              text4        00118E
__end_of_vfprintf               text3        001B8C
__initialization                cinit        001DD8
__mediumconst                   mediumconst  000000
__pbssBANK0                     bssBANK0     000088
__pbssCOMRAM                    bssCOMRAM    000051
__pcinit                        cinit        001DD8
__pcstackBANK0                  cstackBANK0  000060
__pcstackCOMRAM                 cstackCOMRAM 000001
__pintcode                      intcode      000008
__pintcode_body                 intcode_body 001C04
__pintcodelo                    intcodelo    000018
__psmallconst                   smallconst   000E00
__ptext0                        text0        00118E
__ptext1                        text1        00190C
__ptext10                       text10       001752
__ptext11                       text11       001E2E
__ptext12                       text12       001CAE
__ptext13                       text13       0015F4
__ptext14                       text14       001530
__ptext15                       text15       001CE2
__ptext16                       text16       000E2C
__ptext17                       text17       001990
__ptext18                       text18       001AE6
__ptext19                       text19       001A0A
__ptext2                        text2        001C7A
__ptext20                       text20       001D10
__ptext21                       text21       001D3E
__ptext22                       text22       001468
__ptext23                       text23       001C40
__ptext24                       text24       001886
__ptext25                       text25       001BC8
__ptext26                       text26       001A7E
__ptext27                       text27       001E20
__ptext28                       text28       001E0E
__ptext29                       text29       001D90
__ptext3                        text3        001B4A
__ptext30                       text30       001DB4
__ptext31                       text31       001DFA
__ptext4                        text4        00100C
__ptext5                        text5        0016A4
__ptext6                        text6        001D6A
__ptext7                        text7        001300
__ptext8                        text8        0017FC
__ptext9                        text9        001B8C
__ramtop                        ramtop       000E00
__smallconst                    smallconst   000E00
_abs                            text12       001CAE
_dbuf                           bssBANK0     00008A
_dtoa                           text7        001300
_dtoa$1861                      cstackCOMRAM 00001C
_flags                          bssCOMRAM    000059
_fputc                          text10       001752
_fputs                          text9        001B8C
_hour                           bssBANK0     000088
_isLeapYear                     text17       001990
_isLeapYear$1080                cstackCOMRAM 000015
_lastSunday                     text16       000E2C
_lastSunday$1090                cstackCOMRAM 000032
_lastSunday$1093                cstackCOMRAM 000034
_lastSunday$2147                cstackCOMRAM 000030
_main                           text0        00118E
_pad                            text8        0017FC
_prec                           bssCOMRAM    000057
_putch                          text11       001E2E
_read_prec_or_width             text5        0016A4
_sprintf                        text2        001C7A
_time2String                    text1        00190C
_vfpfcnvrt                      text4        00100C
_vfprintf                       text3        001B4A
_width                          bssCOMRAM    000055
abs@a                           cstackCOMRAM 00000B
btemp                           temp         00005A
calc_max_PPM@loopCounter        bssCOMRAM    000051
dtoa@d                          cstackCOMRAM 00001A
dtoa@fp                         cstackCOMRAM 000019
dtoa@i                          cstackCOMRAM 000022
dtoa@p                          cstackCOMRAM 00001E
dtoa@s                          cstackCOMRAM 000021
dtoa@w                          cstackCOMRAM 00001F
end_of_initialization           cinit        001DF0
fputc@c                         cstackCOMRAM 000005
fputc@fp                        cstackCOMRAM 000007
fputs@c                         cstackCOMRAM 00000F
fputs@fp                        cstackCOMRAM 00000E
fputs@i                         cstackCOMRAM 000010
fputs@s                         cstackCOMRAM 00000D
int$flags                       temp         00005A
int_func                        intcode_body 001C04
intlevel0                       text         000000
intlevel1                       text         000000
intlevel2                       text         000000
intlevel3                       text         000000
isLeapYear@year                 cstackCOMRAM 000011
isa$std                         (abs)        000001
isa$xinst                       (abs)        000000
lastSunday@dayOfWeekMonth1st    cstackCOMRAM 000024
lastSunday@dayOfWeekMonth31st   cstackCOMRAM 000026
lastSunday@dayOfYearForDSTEnd   cstackCOMRAM 00002E
lastSunday@dayOfYearForDSTStart cstackCOMRAM 00002A
lastSunday@daysBeforeMarch      cstackCOMRAM 000028
lastSunday@daysBeforeOctober    cstackCOMRAM 00002C
lastSunday@h                    cstackCOMRAM 000022
lastSunday@lastSundayDateMonth  cstackCOMRAM 000038
lastSunday@leapYear             cstackCOMRAM 000036
lastSunday@month                cstackCOMRAM 000018
lastSunday@year                 cstackCOMRAM 000016
main@backward_zone              cstackBANK0  000080
main@buf                        cstackBANK0  000060
main@day                        cstackBANK0  000086
main@leap                       cstackBANK0  000082
main@year                       cstackBANK0  000084
pad@buf                         cstackCOMRAM 000013
pad@fp                          cstackCOMRAM 000012
pad@i                           cstackCOMRAM 000017
pad@p                           cstackCOMRAM 000014
read_prec_or_width@ap           cstackCOMRAM 00000C
read_prec_or_width@c            cstackCOMRAM 00000D
read_prec_or_width@fmt          cstackCOMRAM 00000B
read_prec_or_width@n            cstackCOMRAM 00000E
sprintf@ap                      cstackCOMRAM 00003B
sprintf@f                       cstackCOMRAM 00003C
sprintf@fmt                     cstackCOMRAM 000034
sprintf@s                       cstackCOMRAM 000033
stackhi                         (abs)        000000
stacklo                         (abs)        000000
start                           init         000058
start_initialization            cinit        001DD8
time2String@buf                 cstackCOMRAM 000048
time2String@day                 cstackCOMRAM 00004B
time2String@h                   cstackCOMRAM 000049
time2String@year                cstackCOMRAM 00004D
ttemp5                          temp         00005B
ttemp6                          temp         00005E
ttemp7                          temp         000062
vfpfcnvrt@ap                    cstackCOMRAM 000026
vfpfcnvrt@convarg               cstackCOMRAM 000029
vfpfcnvrt@cp                    cstackCOMRAM 00002E
vfpfcnvrt@done                  cstackCOMRAM 00002D
vfpfcnvrt@fmt                   cstackCOMRAM 000025
vfpfcnvrt@fp                    cstackCOMRAM 000024
vfprintf@ap                     cstackCOMRAM 000031
vfprintf@cfmt                   cstackCOMRAM 000032
vfprintf@fmt                    cstackCOMRAM 000030
vfprintf@fp                     cstackCOMRAM 00002F
wtemp8                          temp         00005B


MODULE INFORMATION

Module		Function		Class		Link	Load	Size
C:\Program Files\Microchip\xc8\v2.45\pic\sources\c99\common\Umul16.c
		___wmul        		CODE           	1D6A	0000	38

C:\Program Files\Microchip\xc8\v2.45\pic\sources\c99\common\Umul16.c estimated size: 38

timers.c
		_Timer0_init   		CODE           	1D10	0000	46

timers.c estimated size: 46

interrupts.c
		_LowISR        		CODE           	0018	0000	64
		_Interrupts_init		CODE           	1E0E	0000	18
		_HighISR       		CODE           	0008	0000	66

interrupts.c estimated size: 148

LEDarray.c
		_LEDarray_init 		CODE           	1D3E	0000	44
		_LEDarray_disp_bin		CODE           	1468	0000	200

LEDarray.c estimated size: 244

comparator.c
		_DAC_init      		CODE           	1DFA	0000	20
		_Comp1_init_fe 		CODE           	1DB4	0000	36
		_Comp1_init_re 		CODE           	1D90	0000	36

comparator.c estimated size: 92

functions.c
		_isLeapYear    		CODE           	1990	0000	122
		_lastSunday    		CODE           	0E2C	0000	480

functions.c estimated size: 602

C:\Program Files\Microchip\xc8\v2.45\pic\sources\c99\common\nf_fputs.c
		_fputs         		CODE           	1B8C	0000	60

C:\Program Files\Microchip\xc8\v2.45\pic\sources\c99\common\nf_fputs.c estimated size: 60

C:\Program Files\Microchip\xc8\v2.45\pic\sources\c99\common\nf_sprintf.c
		_sprintf       		CODE           	1C7A	0000	52

C:\Program Files\Microchip\xc8\v2.45\pic\sources\c99\common\nf_sprintf.c estimated size: 52

C:\Program Files\Microchip\xc8\v2.45\pic\sources\c99\common\lwmod.c
		___lwmod       		CODE           	1AE6	0000	100

C:\Program Files\Microchip\xc8\v2.45\pic\sources\c99\common\lwmod.c estimated size: 100

C:\Program Files\Microchip\xc8\v2.45\pic\sources\c99\common\awmod.c
		___awmod       		CODE           	15F4	0000	176

C:\Program Files\Microchip\xc8\v2.45\pic\sources\c99\common\awmod.c estimated size: 176

C:\Program Files\Microchip\xc8\v2.45\pic\sources\c99\common\putch.c
		_putch         		CODE           	1E2E	0000	2

C:\Program Files\Microchip\xc8\v2.45\pic\sources\c99\common\putch.c estimated size: 2

shared
		__initialization		CODE           	1DD8	0000	24

shared estimated size: 24

C:\Program Files\Microchip\xc8\v2.45\pic\sources\c99\common\abs.c
		_abs           		CODE           	1CAE	0000	52

C:\Program Files\Microchip\xc8\v2.45\pic\sources\c99\common\abs.c estimated size: 52

main.c
		_main          		CODE           	118E	0000	370

main.c estimated size: 370

C:\Program Files\Microchip\xc8\v2.45\pic\sources\c99\common\nf_fputc.c
		_fputc         		CODE           	1752	0000	170

C:\Program Files\Microchip\xc8\v2.45\pic\sources\c99\common\nf_fputc.c estimated size: 170

C:\Program Files\Microchip\xc8\v2.45\pic\sources\c99\common\doprnt.c
		_read_prec_or_width		CODE           	16A4	0000	174
		_vfpfcnvrt     		CODE           	100C	0000	386
		_pad           		CODE           	17FC	0000	138
		_dtoa          		CODE           	1300	0000	360
		_vfprintf      		CODE           	1B4A	0000	66

C:\Program Files\Microchip\xc8\v2.45\pic\sources\c99\common\doprnt.c estimated size: 1124

C:\Program Files\Microchip\xc8\v2.45\pic\sources\c99\common\lwdiv.c
		___lwdiv       		CODE           	1A0A	0000	116

C:\Program Files\Microchip\xc8\v2.45\pic\sources\c99\common\lwdiv.c estimated size: 116

C:\Program Files\Microchip\xc8\v2.45\pic\sources\c99\common\awdiv.c
		___awdiv       		CODE           	1530	0000	196

C:\Program Files\Microchip\xc8\v2.45\pic\sources\c99\common\awdiv.c estimated size: 196

LCD.c
		_LCD_init      		CODE           	1886	0000	134
		_LCD_sendbyte  		CODE           	1BC8	0000	60
		_LCD_E_TOG     		CODE           	1E20	0000	14
		_LCD_setline   		CODE           	1C40	0000	58
		_LCD_sendnibble		CODE           	1A7E	0000	104
		_LCD_sendstring		CODE           	1CE2	0000	46
		_time2String   		CODE           	190C	0000	132

LCD.c estimated size: 548

