Microchip MPLAB XC8 Compiler V2.45

Linker command line:

-W-3 \
  --edf=C:\Program Files\Microchip\xc8\v2.45\pic\dat\20230818022343_en.msgs \
  -cn \
  -h+dist/default/production\mini-project-energy-saving-automatic-outside-light-andres-oscar.X.production.sym \
  --cmf=dist/default/production\mini-project-energy-saving-automatic-outside-light-andres-oscar.X.production.cmf \
  -z -Q18F67K40 -oC:\Users\ablan\AppData\Local\Temp\xcAse1g.\driver_tmp_3.o \
  --defsym=__MPLAB_BUILD=1 --fixupoverflow=error \
  -Mdist/default/production/mini-project-energy-saving-automatic-outside-light-andres-oscar.X.production.map \
  --md=C:\Users\ablan\AppData\Local\Temp\xcAse1g.\driver_tmp_0.dat -E1 \
  -ver=XC8 Compiler --acfsm=1493 -ACODE=00h-01FFFFh -ACONST=00h-01FFFFh \
  -ASMALLCONST=0E00h-0EFFhx498 -AMEDIUMCONST=0E00h-0FFFFh,010E00h-01FFFFh \
  -ACOMRAM=01h-05Fh -AABS1=00h-0DE9h -ABIGRAM=01h-0DE9h \
  -ARAM=060h-0FFh,0100h-01FFhx12,0D00h-0DE9h -ABANK0=060h-0FFh \
  -ABANK1=0100h-01FFh -ABANK2=0200h-02FFh -ABANK3=0300h-03FFh \
  -ABANK4=0400h-04FFh -ABANK5=0500h-05FFh -ABANK6=0600h-06FFh \
  -ABANK7=0700h-07FFh -ABANK8=0800h-08FFh -ABANK9=0900h-09FFh \
  -ABANK10=0A00h-0AFFh -ABANK11=0B00h-0BFFh -ABANK12=0C00h-0CFFh \
  -ABANK13=0D00h-0DE9h \
  -ASFR=0DEFh-0DFFh,0E00h-0EFFh,0F00h-0F5Fh,0F60h-0FFFh \
  -ABIGSFR=0DEFh-0FFFh -ACONFIG=0300000h-030000Bh -AIDLOC=0200000h-020000Fh \
  -AEEDATA=0310000h-03103FFh -peeprom_data=EEDATA \
  -preset_vec=00h,intcode,intcodelo=018h,powerup,init -pramtop=0E00h \
  -psmallconst=SMALLCONST -pmediumconst=MEDIUMCONST -pconst=CONST \
  -AFARRAM=00h-00h \
  -prdata=COMRAM,nvrram=COMRAM,nvbit=COMRAM,rbss=COMRAM,rbit=COMRAM \
  -pfarbss=FARRAM,fardata=FARRAM,nvFARRAM=FARRAM \
  -pintsave_regs=BIGRAM,bigbss=BIGRAM,bigdata=BIGRAM -pbss=RAM \
  -pidata=CODE,irdata=CODE,ibigdata=CODE,ifardata=CODE -prparam=COMRAM \
  C:\Users\ablan\AppData\Local\Temp\xcAse1g.\driver_tmp_14.o \
  dist/default/production\mini-project-energy-saving-automatic-outside-light-andres-oscar.X.production.o 

Object code version is 3.11

Machine type is 18F67K40



                Name                               Link     Load   Length Selector   Space Scale
C:\Users\ablan\AppData\Local\Temp\xcAse1g.\driver_tmp_14.o
                config                           300000   300000        6        0       4
                init                                 BC       BC        4        C       0
                reset_vec                             0        0        4        0       0
dist/default/production\mini-project-energy-saving-automatic-outside-light-andres-oscar.X.production.o
                intcodelo                            18       18       A4        C       0
                config                           300000   300000        6        0       4
                temp                                 55       55        1        1       1
                smallconst                          E00      E00       26      700       0
                text36                             14F2     14F2       C8      713       0
                text35                             1426     1426       CC      713       0
                text34                             1BC8     1BC8       74      713       0
                text33                             1F56     1F56       26      713       0
                text32                             1D0E     1D0E       64      713       0
                text31                             1AD8     1AD8       7A      713       0
                text30                              E26      E26      218      713       0
                text29                             1C3C     1C3C       6A      713       0
                text28                             17DC     17DC       AE      713       0
                text27                             2018     2018       14      713       0
                text26                             1FA0     1FA0       24      713       0
                text25                             1F7C     1F7C       24      713       0
                text24                             1FFE     1FFE       1A      713       0
                text23                             202C     202C        E      713       0
                text22                             1CA6     1CA6       68      713       0
                text21                             1DF0     1DF0       3C      713       0
                text20                             1A52     1A52       86      713       0
                text19                             1F2A     1F2A       2C      713       0
                text18                             1EFC     1EFC       2E      713       0
                text17                             1FE4     1FE4       1A      713       0
                text16                             1B52     1B52       76      713       0
                text15                             1ECE     1ECE       2E      713       0
                text14                             1E2C     1E2C       3A      713       0
                text13                             15BA     15BA       C4      713       0
                text12                             167E     167E       B0      713       0
                text11                             1E9A     1E9A       34      713       0
                text10                             203A     203A        2      713       0
                text9                              188A     188A       AA      713       0
                text8                              1DB4     1DB4       3C      713       0
                text7                              19C8     19C8       8A      713       0
                text6                              11C0     11C0      168      713       0
                text5                              172E     172E       AE      713       0
                text4                              103E     103E      182      713       0
                text3                              1D72     1D72       42      713       0
                text2                              1E66     1E66       34      713       0
                text1                              1934     1934       94      713       0
                text0                              1328     1328       FE      713       0
                cstackCOMRAM                          1        1       4F        1       1
                cstackBANK0                          60       60       2E       60       1
                bssBANK0                             8E       8E       22       60       1
                bssCOMRAM                            50       50        5        1       1
                cinit                              1FC4     1FC4       20      713       0

TOTAL           Name                               Link     Load   Length     Space
        CLASS   CODE           
                intcodelo                            18       18       A4         0
                init                                 BC       BC        4         0
                reset_vec                             0        0        4         0
                text36                             14F2     14F2       C8         0
                text35                             1426     1426       CC         0
                text34                             1BC8     1BC8       74         0
                text33                             1F56     1F56       26         0
                text32                             1D0E     1D0E       64         0
                text31                             1AD8     1AD8       7A         0
                text30                              E26      E26      218         0
                text29                             1C3C     1C3C       6A         0
                text28                             17DC     17DC       AE         0
                text27                             2018     2018       14         0
                text26                             1FA0     1FA0       24         0
                text25                             1F7C     1F7C       24         0
                text24                             1FFE     1FFE       1A         0
                text23                             202C     202C        E         0
                text22                             1CA6     1CA6       68         0
                text21                             1DF0     1DF0       3C         0
                text20                             1A52     1A52       86         0
                text19                             1F2A     1F2A       2C         0
                text18                             1EFC     1EFC       2E         0
                text17                             1FE4     1FE4       1A         0
                text16                             1B52     1B52       76         0
                text15                             1ECE     1ECE       2E         0
                text14                             1E2C     1E2C       3A         0
                text13                             15BA     15BA       C4         0
                text12                             167E     167E       B0         0
                text11                             1E9A     1E9A       34         0
                text10                             203A     203A        2         0
                text9                              188A     188A       AA         0
                text8                              1DB4     1DB4       3C         0
                text7                              19C8     19C8       8A         0
                text6                              11C0     11C0      168         0
                text5                              172E     172E       AE         0
                text4                              103E     103E      182         0
                text3                              1D72     1D72       42         0
                text2                              1E66     1E66       34         0
                text1                              1934     1934       94         0
                text0                              1328     1328       FE         0
                cinit                              1FC4     1FC4       20         0

        CLASS   CONST          

        CLASS   SMALLCONST     
                smallconst                          E00      E00       26         0

        CLASS   MEDIUMCONST    

        CLASS   COMRAM         
                temp                                 55       55        1         1
                cstackCOMRAM                          1        1       4F         1
                bssCOMRAM                            50       50        5         1

        CLASS   ABS1           

        CLASS   BIGRAM         

        CLASS   RAM            

        CLASS   BANK0          
                cstackBANK0                          60       60       2E         1
                bssBANK0                             8E       8E       22         1

        CLASS   BANK1          

        CLASS   BANK2          

        CLASS   BANK3          

        CLASS   BANK4          

        CLASS   BANK5          

        CLASS   BANK6          

        CLASS   BANK7          

        CLASS   BANK8          

        CLASS   BANK9          

        CLASS   BANK10         

        CLASS   BANK11         

        CLASS   BANK12         

        CLASS   BANK13         

        CLASS   SFR            

        CLASS   BIGSFR         

        CLASS   CONFIG         
                config                           300000   300000        6         4

        CLASS   IDLOC          

        CLASS   EEDATA         

        CLASS   FARRAM         

        CLASS   HEAP           

        CLASS   STACK          



SEGMENTS        Name                           Load    Length   Top    Selector   Space  Class

                reset_vec                      000000  000004  000004         0       0  CODE    
                cstackCOMRAM                   000001  000055  000056         1       1  COMRAM  
                intcodelo                      000018  0000A8  0000C0         C       0  CODE    
                cstackBANK0                    000060  000050  0000B0        60       1  BANK0   
                smallconst                     000E00  000026  000E26       700       0  SMALLCON
                text30                         000E26  001216  00203C       713       0  CODE    


UNUSED ADDRESS RANGES

        Name                Unused          Largest block    Delta
        BANK0            0000B0-0000FF               50
        BANK1            000100-0001FF              100
        BANK10           000A00-000AFF              100
        BANK11           000B00-000BFF              100
        BANK12           000C00-000CFF              100
        BANK13           000D00-000DE9               EA
        BANK2            000200-0002FF              100
        BANK3            000300-0003FF              100
        BANK4            000400-0004FF              100
        BANK5            000500-0005FF              100
        BANK6            000600-0006FF              100
        BANK7            000700-0007FF              100
        BANK8            000800-0008FF              100
        BANK9            000900-0009FF              100
        BIGRAM           000056-00005F                A
                         0000B0-000DE9              D3A
        BIGSFR           000DEF-000FFF              211
        CODE             000004-000017               14
                         0000C0-000DFF              D40
                         00203C-01FFFF            1DFC4
        COMRAM           000056-00005F                A
        CONFIG           300006-30000B                6
        CONST            000004-000017               14
                         0000C0-000DFF              D40
                         00203C-01FFFF            1DFC4
        EEDATA           310000-3103FF              400
        IDLOC            200000-20000F               10
        MEDIUMCONST      00203C-00FFFF             DFC4
                         010E00-01FFFF             F200
        RAM              0000B0-000DE9              100
        SFR              000DEF-000FFF              100
        SMALLCONST       00203C-01FFFF              100

                                  Symbol Table

?___awdiv                               cstackCOMRAM 000004
?___awmod                               cstackCOMRAM 000004
?___lwdiv                               cstackCOMRAM 00000A
?___lwmod                               cstackCOMRAM 000011
?___wmul                                cstackCOMRAM 000004
?_abs                                   cstackCOMRAM 00000A
?_isLeapYear                            cstackCOMRAM 000016
?_lastSunday                            cstackCOMRAM 00001B
?_read_prec_or_width                    cstackCOMRAM 00000A
?_sprintf                               cstackCOMRAM 000032
?_vfprintf                              cstackCOMRAM 00002E
LCD_sendbyte@Byte                       cstackCOMRAM 000008
LCD_sendbyte@highNibble                 cstackCOMRAM 000006
LCD_sendbyte@lowNibble                  cstackCOMRAM 000007
LCD_sendbyte@type                       cstackCOMRAM 000005
LCD_sendnibble@number                   cstackCOMRAM 000004
LCD_sendstring@string                   cstackCOMRAM 000009
LCD_setline@line                        cstackCOMRAM 000009
LEDarray_disp_bin@number                cstackCOMRAM 000004
_ANSELFbits                             (abs)        000EB4
_CM1CON0bits                            (abs)        000ED0
_CM1CON1bits                            (abs)        000ED1
_CM1NCHbits                             (abs)        000ED2
_CM1PCHbits                             (abs)        000ED3
_CM2CON0bits                            (abs)        000ECC
_CM2CON1bits                            (abs)        000ECD
_CM2NCHbits                             (abs)        000ECE
_CM2PCHbits                             (abs)        000ECF
_Comp1_init_fe                          text26       001FA0
_Comp1_init_re                          text25       001F7C
_DAC1CON0bits                           (abs)        000EC6
_DAC1CON1bits                           (abs)        000EC7
_DAC_init                               text27       002018
_INTCONbits                             (abs)        000FF2
_IPR0bits                               (abs)        000E1F
_IPR2bits                               (abs)        000E21
_Interrupts_init                        text24       001FFE
_LATA                                   (abs)        000F79
_LATAbits                               (abs)        000F79
_LATB                                   (abs)        000F7A
_LATBbits                               (abs)        000F7A
_LATCbits                               (abs)        000F7B
_LATEbits                               (abs)        000F7D
_LATFbits                               (abs)        000F7E
_LATG                                   (abs)        000F7F
_LATGbits                               (abs)        000F7F
_LATHbits                               (abs)        000F80
_LCD_E_TOG                              text23       00202C
_LCD_init                               text20       001A52
_LCD_sendbyte                           text21       001DF0
_LCD_sendnibble                         text22       001CA6
_LCD_sendstring                         text15       001ECE
_LCD_setline                            text14       001E2C
_LEDarray_disp_bin                      text36       0014F2
_LEDarray_init                          text19       001F2A
_LowISR                                 intcodelo    000018
_PIE0bits                               (abs)        000E29
_PIE2bits                               (abs)        000E2B
_PIR0bits                               (abs)        000E33
_PIR2bits                               (abs)        000E35
_T0CON0bits                             (abs)        000FD5
_T0CON1bits                             (abs)        000FD6
_TMR0H                                  (abs)        000FD4
_TMR0L                                  (abs)        000FD3
_TRISA                                  (abs)        000F81
_TRISB                                  (abs)        000F82
_TRISBbits                              (abs)        000F82
_TRISCbits                              (abs)        000F83
_TRISEbits                              (abs)        000F85
_TRISFbits                              (abs)        000F86
_TRISG                                  (abs)        000F87
_TRISHbits                              (abs)        000F88
_Timer0_init                            text18       001EFC
__HRAM                                  (abs)        000000
__H__absolute__                         __absolute__ 000000
__Habs1                                 abs1         000000
__Hbank0                                bank0        000000
__Hbank1                                bank1        000000
__Hbank10                               bank10       000000
__Hbank11                               bank11       000000
__Hbank12                               bank12       000000
__Hbank13                               bank13       000000
__Hbank2                                bank2        000000
__Hbank3                                bank3        000000
__Hbank4                                bank4        000000
__Hbank5                                bank5        000000
__Hbank6                                bank6        000000
__Hbank7                                bank7        000000
__Hbank8                                bank8        000000
__Hbank9                                bank9        000000
__Hbigbss                               bigbss       000000
__Hbigdata                              bigdata      000000
__Hbigram                               bigram       000000
__Hbigsfr                               bigsfr       000000
__Hbss                                  bss          000000
__HbssBANK0                             bssBANK0     000000
__HbssCOMRAM                            bssCOMRAM    000000
__Hcinit                                cinit        000000
__Hclrtext                              clrtext      000000
__Hcomram                               comram       000000
__Hconfig                               config       300006
__Hconst                                const        000000
__HcstackBANK0                          cstackBANK0  000000
__HcstackCOMRAM                         cstackCOMRAM 000000
__Hdata                                 data         000000
__Heeprom_data                          eeprom_data  000000
__Hfarbss                               farbss       000000
__Hfardata                              fardata      000000
__Hheap                                 heap         000000
__Hibigdata                             ibigdata     000000
__Hidata                                idata        000000
__Hidloc                                idloc        000000
__Hifardata                             ifardata     000000
__Hinit                                 init         0000C0
__Hintcode                              intcode      000004
__Hintcode_body                         intcode_body 000000
__Hintcodelo                            intcodelo    0000BC
__Hintentry                             intentry     000000
__Hintret                               intret       000000
__Hintsave_regs                         intsave_regs 000000
__Hirdata                               irdata       000000
__Hmediumconst                          mediumconst  000000
__HnvFARRAM                             nvFARRAM     000000
__Hnvbit                                nvbit        000000
__Hnvrram                               nvrram       000000
__Hparam                                rparam       000000
__Hpowerup                              powerup      0000BC
__Hram                                  ram          000000
__Hramtop                               ramtop       000E00
__Hrbit                                 rbit         000000
__Hrbss                                 rbss         000000
__Hrdata                                rdata        000000
__Hreset_vec                            reset_vec    000004
__Hrparam                               rparam       000000
__Hsfr                                  sfr          000000
__Hsmallconst                           smallconst   000E26
__Hspace_0                              (abs)        00203C
__Hspace_1                              (abs)        0000B0
__Hspace_2                              (abs)        000000
__Hspace_4                              (abs)        600006
__Hstack                                stack        000000
__Hstruct                               struct       000000
__Htemp                                 temp         000056
__Htext                                 text         000000
__Htext0                                text0        000000
__Htext1                                text1        000000
__Htext10                               text10       000000
__Htext11                               text11       000000
__Htext12                               text12       000000
__Htext13                               text13       000000
__Htext14                               text14       000000
__Htext15                               text15       000000
__Htext16                               text16       000000
__Htext17                               text17       000000
__Htext18                               text18       000000
__Htext19                               text19       000000
__Htext2                                text2        000000
__Htext20                               text20       000000
__Htext21                               text21       000000
__Htext22                               text22       000000
__Htext23                               text23       000000
__Htext24                               text24       000000
__Htext25                               text25       000000
__Htext26                               text26       000000
__Htext27                               text27       000000
__Htext28                               text28       000000
__Htext29                               text29       000000
__Htext3                                text3        000000
__Htext30                               text30       000000
__Htext31                               text31       000000
__Htext32                               text32       000000
__Htext33                               text33       000000
__Htext34                               text34       000000
__Htext35                               text35       000000
__Htext36                               text36       000000
__Htext4                                text4        000000
__Htext5                                text5        000000
__Htext6                                text6        000000
__Htext7                                text7        000000
__Htext8                                text8        000000
__Htext9                                text9        000000
__LRAM                                  (abs)        000001
__L__absolute__                         __absolute__ 000000
__Labs1                                 abs1         000000
__Lbank0                                bank0        000000
__Lbank1                                bank1        000000
__Lbank10                               bank10       000000
__Lbank11                               bank11       000000
__Lbank12                               bank12       000000
__Lbank13                               bank13       000000
__Lbank2                                bank2        000000
__Lbank3                                bank3        000000
__Lbank4                                bank4        000000
__Lbank5                                bank5        000000
__Lbank6                                bank6        000000
__Lbank7                                bank7        000000
__Lbank8                                bank8        000000
__Lbank9                                bank9        000000
__Lbigbss                               bigbss       000000
__Lbigdata                              bigdata      000000
__Lbigram                               bigram       000000
__Lbigsfr                               bigsfr       000000
__Lbss                                  bss          000000
__LbssBANK0                             bssBANK0     000000
__LbssCOMRAM                            bssCOMRAM    000000
__Lcinit                                cinit        000000
__Lclrtext                              clrtext      000000
__Lcomram                               comram       000000
__Lconfig                               config       000000
__Lconst                                const        000000
__LcstackBANK0                          cstackBANK0  000000
__LcstackCOMRAM                         cstackCOMRAM 000000
__Ldata                                 data         000000
__Leeprom_data                          eeprom_data  000000
__Lfarbss                               farbss       000000
__Lfardata                              fardata      000000
__Lheap                                 heap         000000
__Libigdata                             ibigdata     000000
__Lidata                                idata        000000
__Lidloc                                idloc        000000
__Lifardata                             ifardata     000000
__Linit                                 init         0000BC
__Lintcode                              intcode      000004
__Lintcode_body                         intcode_body 000000
__Lintcodelo                            intcodelo    000018
__Lintentry                             intentry     000000
__Lintret                               intret       000000
__Lintsave_regs                         intsave_regs 000000
__Lirdata                               irdata       000000
__Lmediumconst                          mediumconst  000000
__LnvFARRAM                             nvFARRAM     000000
__Lnvbit                                nvbit        000000
__Lnvrram                               nvrram       000000
__Lparam                                rparam       000000
__Lpowerup                              powerup      0000BC
__Lram                                  ram          000000
__Lramtop                               ramtop       000E00
__Lrbit                                 rbit         000000
__Lrbss                                 rbss         000000
__Lrdata                                rdata        000000
__Lreset_vec                            reset_vec    000000
__Lrparam                               rparam       000000
__Lsfr                                  sfr          000000
__Lsmallconst                           smallconst   000E00
__Lspace_0                              (abs)        000000
__Lspace_1                              (abs)        000000
__Lspace_2                              (abs)        000000
__Lspace_4                              (abs)        000000
__Lstack                                stack        000000
__Lstruct                               struct       000000
__Ltemp                                 temp         000055
__Ltext                                 text         000000
__Ltext0                                text0        000000
__Ltext1                                text1        000000
__Ltext10                               text10       000000
__Ltext11                               text11       000000
__Ltext12                               text12       000000
__Ltext13                               text13       000000
__Ltext14                               text14       000000
__Ltext15                               text15       000000
__Ltext16                               text16       000000
__Ltext17                               text17       000000
__Ltext18                               text18       000000
__Ltext19                               text19       000000
__Ltext2                                text2        000000
__Ltext20                               text20       000000
__Ltext21                               text21       000000
__Ltext22                               text22       000000
__Ltext23                               text23       000000
__Ltext24                               text24       000000
__Ltext25                               text25       000000
__Ltext26                               text26       000000
__Ltext27                               text27       000000
__Ltext28                               text28       000000
__Ltext29                               text29       000000
__Ltext3                                text3        000000
__Ltext30                               text30       000000
__Ltext31                               text31       000000
__Ltext32                               text32       000000
__Ltext33                               text33       000000
__Ltext34                               text34       000000
__Ltext35                               text35       000000
__Ltext36                               text36       000000
__Ltext4                                text4        000000
__Ltext5                                text5        000000
__Ltext6                                text6        000000
__Ltext7                                text7        000000
__Ltext8                                text8        000000
__Ltext9                                text9        000000
__S0                                    (abs)        00203C
__S1                                    (abs)        0000B0
__S4                                    (abs)        000000
__S5                                    (abs)        000000
___awdiv                                text13       0015BA
___awdiv@counter                        cstackCOMRAM 000008
___awdiv@dividend                       cstackCOMRAM 000004
___awdiv@divisor                        cstackCOMRAM 000006
___awdiv@quotient                       cstackCOMRAM 00000A
___awdiv@sign                           cstackCOMRAM 000009
___awmod                                text12       00167E
___awmod@counter                        cstackCOMRAM 000008
___awmod@dividend                       cstackCOMRAM 000004
___awmod@divisor                        cstackCOMRAM 000006
___awmod@sign                           cstackCOMRAM 000009
___heap_hi                              (abs)        000000
___heap_lo                              (abs)        000000
___inthi_sp                             stack        000000
___inthi_stack_hi                       stack        000000
___inthi_stack_lo                       stack        000000
___intlo_sp                             stack        000000
___intlo_stack_hi                       stack        000000
___intlo_stack_lo                       stack        000000
___lwdiv                                text34       001BC8
___lwdiv@counter                        cstackCOMRAM 000010
___lwdiv@dividend                       cstackCOMRAM 00000A
___lwdiv@divisor                        cstackCOMRAM 00000C
___lwdiv@quotient                       cstackCOMRAM 00000E
___lwmod                                text32       001D0E
___lwmod@counter                        cstackCOMRAM 000015
___lwmod@dividend                       cstackCOMRAM 000011
___lwmod@divisor                        cstackCOMRAM 000013
___param_bank                           (abs)        000000
___rparam_used                          (abs)        000001
___sp                                   stack        000000
___stack_hi                             stack        000000
___stack_lo                             stack        000000
___wmul                                 text33       001F56
___wmul@multiplicand                    cstackCOMRAM 000006
___wmul@multiplier                      cstackCOMRAM 000004
___wmul@product                         cstackCOMRAM 000008
__accesstop                             (abs)        000060
__activetblptr                          (abs)        000003
__end_of_Comp1_init_fe                  text26       001FC4
__end_of_Comp1_init_re                  text25       001FA0
__end_of_DAC_init                       text27       00202C
__end_of_Interrupts_init                text24       002018
__end_of_LCD_E_TOG                      text23       00203A
__end_of_LCD_init                       text20       001AD8
__end_of_LCD_sendbyte                   text21       001E2C
__end_of_LCD_sendnibble                 text22       001D0E
__end_of_LCD_sendstring                 text15       001EFC
__end_of_LCD_setline                    text14       001E66
__end_of_LEDarray_disp_bin              text36       0015BA
__end_of_LEDarray_init                  text19       001F56
__end_of_LowISR                         intcodelo    0000BC
__end_of_Timer0_init                    text18       001F2A
__end_of___awdiv                        text13       00167E
__end_of___awmod                        text12       00172E
__end_of___lwdiv                        text34       001C3C
__end_of___lwmod                        text32       001D72
__end_of___wmul                         text33       001F7C
__end_of__initialization                cinit        001FDA
__end_of_abs                            text11       001ECE
__end_of_changeHourDayYear              text35       0014F2
__end_of_dtoa                           text6        001328
__end_of_findDSTdates                   text29       001CA6
__end_of_fputc                          text9        001934
__end_of_fputs                          text8        001DF0
__end_of_hourChangeDST                  text28       00188A
__end_of_initialise                     text17       001FFE
__end_of_isLeapYear                     text31       001B52
__end_of_lastSunday                     text30       00103E
__end_of_main                           text0        001426
__end_of_pad                            text7        001A52
__end_of_putch                          text10       00203C
__end_of_read_prec_or_width             text5        0017DC
__end_of_sprintf                        text2        001E9A
__end_of_sunSync                        text16       001BC8
__end_of_time2String                    text1        0019C8
__end_of_vfpfcnvrt                      text4        0011C0
__end_of_vfprintf                       text3        001DB4
__initialization                        cinit        001FC4
__mediumconst                           mediumconst  000000
__pbssBANK0                             bssBANK0     00008E
__pbssCOMRAM                            bssCOMRAM    000050
__pcinit                                cinit        001FC4
__pcstackBANK0                          cstackBANK0  000060
__pcstackCOMRAM                         cstackCOMRAM 000001
__pintcodelo                            intcodelo    000018
__psmallconst                           smallconst   000E00
__ptext0                                text0        001328
__ptext1                                text1        001934
__ptext10                               text10       00203A
__ptext11                               text11       001E9A
__ptext12                               text12       00167E
__ptext13                               text13       0015BA
__ptext14                               text14       001E2C
__ptext15                               text15       001ECE
__ptext16                               text16       001B52
__ptext17                               text17       001FE4
__ptext18                               text18       001EFC
__ptext19                               text19       001F2A
__ptext2                                text2        001E66
__ptext20                               text20       001A52
__ptext21                               text21       001DF0
__ptext22                               text22       001CA6
__ptext23                               text23       00202C
__ptext24                               text24       001FFE
__ptext25                               text25       001F7C
__ptext26                               text26       001FA0
__ptext27                               text27       002018
__ptext28                               text28       0017DC
__ptext29                               text29       001C3C
__ptext3                                text3        001D72
__ptext30                               text30       000E26
__ptext31                               text31       001AD8
__ptext32                               text32       001D0E
__ptext33                               text33       001F56
__ptext34                               text34       001BC8
__ptext35                               text35       001426
__ptext36                               text36       0014F2
__ptext4                                text4        00103E
__ptext5                                text5        00172E
__ptext6                                text6        0011C0
__ptext7                                text7        0019C8
__ptext8                                text8        001DB4
__ptext9                                text9        00188A
__ramtop                                ramtop       000E00
__smallconst                            smallconst   000E00
_abs                                    text11       001E9A
_changeHourDayYear                      text35       001426
_dbuf                                   bssBANK0     00008E
_dtoa                                   text6        0011C0
_dtoa$1981                              cstackCOMRAM 00001B
_findDSTdates                           text29       001C3C
_flags                                  bssCOMRAM    000054
_fputc                                  text9        00188A
_fputs                                  text8        001DB4
_hour                                   bssBANK0     0000AE
_hourChangeDST                          text28       0017DC
_initialise                             text17       001FE4
_isLeapYear                             text31       001AD8
_isLeapYear$1178                        cstackCOMRAM 00001A
_lastSunday                             text30       000E26
_lastSunday$1188                        cstackCOMRAM 000039
_lastSunday$1191                        cstackCOMRAM 00003B
_lastSunday$2258                        cstackCOMRAM 000037
_main                                   text0        001328
_pad                                    text7        0019C8
_prec                                   bssCOMRAM    000052
_putch                                  text10       00203A
_read_prec_or_width                     text5        00172E
_sprintf                                text2        001E66
_sunSync                                text16       001B52
_time2String                            text1        001934
_vfpfcnvrt                              text4        00103E
_vfprintf                               text3        001D72
_width                                  bssCOMRAM    000050
abs@a                                   cstackCOMRAM 00000A
btemp                                   temp         000055
changeHourDayYear@day                   cstackCOMRAM 000005
changeHourDayYear@hour                  cstackCOMRAM 000004
changeHourDayYear@leap                  cstackCOMRAM 000007
changeHourDayYear@synced                cstackCOMRAM 000009
changeHourDayYear@year                  cstackCOMRAM 000006
dtoa@d                                  cstackCOMRAM 000019
dtoa@fp                                 cstackCOMRAM 000018
dtoa@i                                  cstackCOMRAM 000021
dtoa@p                                  cstackCOMRAM 00001D
dtoa@s                                  cstackCOMRAM 000020
dtoa@w                                  cstackCOMRAM 00001E
end_of_initialization                   cinit        001FDA
findDSTdates@bkwd_daylight_savings_day  cstackCOMRAM 000048
findDSTdates@day                        cstackCOMRAM 000043
findDSTdates@fwd_daylight_savings_day   cstackCOMRAM 000047
findDSTdates@hour                       cstackCOMRAM 000041
findDSTdates@year                       cstackCOMRAM 000045
fputc@c                                 cstackCOMRAM 000004
fputc@fp                                cstackCOMRAM 000006
fputs@c                                 cstackCOMRAM 00000E
fputs@fp                                cstackCOMRAM 00000D
fputs@i                                 cstackCOMRAM 00000F
fputs@s                                 cstackCOMRAM 00000C
hourChangeDST@backward_zone             cstackCOMRAM 00000B
hourChangeDST@bkwd_daylight_savings_day cstackCOMRAM 000008
hourChangeDST@day                       cstackCOMRAM 000004
hourChangeDST@fwd_daylight_savings_day  cstackCOMRAM 000006
hourChangeDST@hour                      cstackCOMRAM 00000A
int$flags                               temp         000055
intlevel0                               text         000000
intlevel1                               text         000000
intlevel2                               text         000000
intlevel3                               text         000000
isLeapYear@year                         cstackCOMRAM 000016
isa$std                                 (abs)        000001
isa$xinst                               (abs)        000000
lastSunday@dayOfWeekMonth1st            cstackCOMRAM 00002B
lastSunday@dayOfWeekMonth31st           cstackCOMRAM 00002D
lastSunday@dayOfYearForDSTEnd           cstackCOMRAM 000035
lastSunday@dayOfYearForDSTStart         cstackCOMRAM 000031
lastSunday@daysBeforeMarch              cstackCOMRAM 00002F
lastSunday@daysBeforeOctober            cstackCOMRAM 000033
lastSunday@h                            cstackCOMRAM 000029
lastSunday@lastSundayDateMonth          cstackCOMRAM 00003F
lastSunday@leapYear                     cstackCOMRAM 00003D
lastSunday@month                        cstackCOMRAM 00001D
lastSunday@year                         cstackCOMRAM 00001B
main@backward_zone                      cstackBANK0  000086
main@bkwd_daylight_savings_day          cstackBANK0  000084
main@buf                                cstackBANK0  000060
main@day                                cstackBANK0  00008C
main@fwd_daylight_savings_day           cstackBANK0  000082
main@leap                               cstackBANK0  000080
main@synced                             cstackBANK0  000088
main@year                               cstackBANK0  00008A
pad@buf                                 cstackCOMRAM 000012
pad@fp                                  cstackCOMRAM 000011
pad@i                                   cstackCOMRAM 000016
pad@p                                   cstackCOMRAM 000013
read_prec_or_width@ap                   cstackCOMRAM 00000B
read_prec_or_width@c                    cstackCOMRAM 00000C
read_prec_or_width@fmt                  cstackCOMRAM 00000A
read_prec_or_width@n                    cstackCOMRAM 00000D
sprintf@ap                              cstackCOMRAM 000038
sprintf@f                               cstackCOMRAM 000039
sprintf@fmt                             cstackCOMRAM 000033
sprintf@s                               cstackCOMRAM 000032
stackhi                                 (abs)        000000
stacklo                                 (abs)        000000
start                                   init         0000BC
start_initialization                    cinit        001FC4
sunSync@day                             cstackCOMRAM 000005
sunSync@hour                            cstackCOMRAM 000004
sunSync@synced                          cstackCOMRAM 000007
time2String@buf                         cstackCOMRAM 000045
time2String@day                         cstackCOMRAM 000048
time2String@h                           cstackCOMRAM 000046
time2String@leap                        cstackCOMRAM 00004C
time2String@year                        cstackCOMRAM 00004A
ttemp5                                  temp         000056
ttemp6                                  temp         000059
ttemp7                                  temp         00005D
vfpfcnvrt@ap                            cstackCOMRAM 000025
vfpfcnvrt@convarg                       cstackCOMRAM 000028
vfpfcnvrt@cp                            cstackCOMRAM 00002D
vfpfcnvrt@done                          cstackCOMRAM 00002C
vfpfcnvrt@fmt                           cstackCOMRAM 000024
vfpfcnvrt@fp                            cstackCOMRAM 000023
vfprintf@ap                             cstackCOMRAM 000030
vfprintf@cfmt                           cstackCOMRAM 000031
vfprintf@fmt                            cstackCOMRAM 00002F
vfprintf@fp                             cstackCOMRAM 00002E
wtemp8                                  temp         000056


MODULE INFORMATION

Module		Function		Class		Link	Load	Size
C:\Program Files\Microchip\xc8\v2.45\pic\sources\c99\common\Umul16.c
		___wmul        		CODE           	1F56	0000	38

C:\Program Files\Microchip\xc8\v2.45\pic\sources\c99\common\Umul16.c estimated size: 38

timers.c
		_Timer0_init   		CODE           	1EFC	0000	46

timers.c estimated size: 46

interrupts.c
		_LowISR        		CODE           	0018	0000	164
		_Interrupts_init		CODE           	1FFE	0000	26

interrupts.c estimated size: 190

LEDarray.c
		_LEDarray_init 		CODE           	1F2A	0000	44
		_LEDarray_disp_bin		CODE           	14F2	0000	200

LEDarray.c estimated size: 244

comparator.c
		_DAC_init      		CODE           	2018	0000	20
		_Comp1_init_fe 		CODE           	1FA0	0000	36
		_Comp1_init_re 		CODE           	1F7C	0000	36

comparator.c estimated size: 92

functions.c
		_isLeapYear    		CODE           	1AD8	0000	122
		_changeHourDayYear		CODE           	1426	0000	204
		_sunSync       		CODE           	1B52	0000	118
		_lastSunday    		CODE           	0E26	0000	536
		_hourChangeDST 		CODE           	17DC	0000	174
		_initialise    		CODE           	1FE4	0000	26
		_findDSTdates  		CODE           	1C3C	0000	106

functions.c estimated size: 1286

C:\Program Files\Microchip\xc8\v2.45\pic\sources\c99\common\nf_fputs.c
		_fputs         		CODE           	1DB4	0000	60

C:\Program Files\Microchip\xc8\v2.45\pic\sources\c99\common\nf_fputs.c estimated size: 60

C:\Program Files\Microchip\xc8\v2.45\pic\sources\c99\common\nf_sprintf.c
		_sprintf       		CODE           	1E66	0000	52

C:\Program Files\Microchip\xc8\v2.45\pic\sources\c99\common\nf_sprintf.c estimated size: 52

C:\Program Files\Microchip\xc8\v2.45\pic\sources\c99\common\lwmod.c
		___lwmod       		CODE           	1D0E	0000	100

C:\Program Files\Microchip\xc8\v2.45\pic\sources\c99\common\lwmod.c estimated size: 100

C:\Program Files\Microchip\xc8\v2.45\pic\sources\c99\common\awmod.c
		___awmod       		CODE           	167E	0000	176

C:\Program Files\Microchip\xc8\v2.45\pic\sources\c99\common\awmod.c estimated size: 176

C:\Program Files\Microchip\xc8\v2.45\pic\sources\c99\common\putch.c
		_putch         		CODE           	203A	0000	2

C:\Program Files\Microchip\xc8\v2.45\pic\sources\c99\common\putch.c estimated size: 2

shared
		__initialization		CODE           	1FC4	0000	22

shared estimated size: 22

C:\Program Files\Microchip\xc8\v2.45\pic\sources\c99\common\abs.c
		_abs           		CODE           	1E9A	0000	52

C:\Program Files\Microchip\xc8\v2.45\pic\sources\c99\common\abs.c estimated size: 52

main.c
		_main          		CODE           	1328	0000	254

main.c estimated size: 254

C:\Program Files\Microchip\xc8\v2.45\pic\sources\c99\common\nf_fputc.c
		_fputc         		CODE           	188A	0000	170

C:\Program Files\Microchip\xc8\v2.45\pic\sources\c99\common\nf_fputc.c estimated size: 170

C:\Program Files\Microchip\xc8\v2.45\pic\sources\c99\common\doprnt.c
		_read_prec_or_width		CODE           	172E	0000	174
		_vfpfcnvrt     		CODE           	103E	0000	386
		_pad           		CODE           	19C8	0000	138
		_dtoa          		CODE           	11C0	0000	360
		_vfprintf      		CODE           	1D72	0000	66

C:\Program Files\Microchip\xc8\v2.45\pic\sources\c99\common\doprnt.c estimated size: 1124

C:\Program Files\Microchip\xc8\v2.45\pic\sources\c99\common\lwdiv.c
		___lwdiv       		CODE           	1BC8	0000	116

C:\Program Files\Microchip\xc8\v2.45\pic\sources\c99\common\lwdiv.c estimated size: 116

C:\Program Files\Microchip\xc8\v2.45\pic\sources\c99\common\awdiv.c
		___awdiv       		CODE           	15BA	0000	196

C:\Program Files\Microchip\xc8\v2.45\pic\sources\c99\common\awdiv.c estimated size: 196

LCD.c
		_LCD_init      		CODE           	1A52	0000	134
		_LCD_sendbyte  		CODE           	1DF0	0000	60
		_LCD_E_TOG     		CODE           	202C	0000	14
		_LCD_setline   		CODE           	1E2C	0000	58
		_LCD_sendnibble		CODE           	1CA6	0000	104
		_LCD_sendstring		CODE           	1ECE	0000	46
		_time2String   		CODE           	1934	0000	148

LCD.c estimated size: 564

